/* eslint-disable */
// @ts-ignore
import { queryOptions, useMutation } from '@tanstack/react-query';
import type { DefaultError } from '@tanstack/react-query';
import request from 'axios';

import * as apis from './HookwebController';
import * as API from './types';
/* eslint-disable */
// @ts-ignore
import request from 'axios';

import * as API from './types';

/** addAndonRecordNodeDesc POST /api/web/workcenter-operate/add-andon-record-node-desc */
export function hookApi13({
  body,
  options,
}: {
  body: API.JSONObject;
  options?: { [key: string]: unknown };
}) {
  return request<API.ApiResult>(
    '/api/web/workcenter-operate/add-andon-record-node-desc',
    {
      method: 'POST',
      headers: {
        'Content-Type': 'application/json',
      },
      data: body,
      ...(options || {}),
    }
  );
}

/** addDeviceMachine POST /api/web/workcenter-operate/add-device-machine */
export function hookApi15({
  body,
  options,
}: {
  body: API.AddDeviceMachine;
  options?: { [key: string]: unknown };
}) {
  return request<API.ApiResult>(
    '/api/web/workcenter-operate/add-device-machine',
    {
      method: 'POST',
      headers: {
        'Content-Type': 'application/json',
      },
      data: body,
      ...(options || {}),
    }
  );
}
/* eslint-disable */
// @ts-ignore
import * as API from './types';

export function displayAddDeviceMachine(field: keyof API.AddDeviceMachine) {
  return {
    lineId: 'lineId',
    lineName: 'lineName',
    machineCode: 'machineCode',
    machineName: 'machineName',
    manageUserId: 'manageUserId',
    manageUserName: 'manageUserName',
    lightSn: 'lightSn',
    signalId: 'signalId',
    serialNo: 'serialNo',
    location: 'location',
    imgList: 'imgList',
    deviceMachineId: '更新才有',
  }[field];
}

export function displayAndonClose(field: keyof API.AndonClose) {
  return {
    andonRecordId: 'andonRecordId',
    disposeDesc: 'disposeDesc',
    disposeImgUrls: 'disposeImgUrls',
  }[field];
}

export function displayAndonRecordNode(field: keyof API.AndonRecordNode) {
  return {
    id: 'id',
    andonRecordId: 'andonRecordId',
    nodeDesc: '节点描述',
    nodeRemark: '节点备注',
    nodeType:
      '1 已上报，2 已接收，3 已处理(关闭)， 4 更换处理人 5 变更内容 6 自定义回复 9 已撤销',
    nodeTypeName: 'nodeTypeName',
    nodeUserId: 'nodeUserId',
    nodeUserName: 'nodeUserName',
    createdUserId: 'createdUserId',
    createdTime: 'createdTime',
    modifyiedUserId: 'modifyiedUserId',
    modifyiedTime: 'modifyiedTime',
  }[field];
}

export function displayAndonRecordQuery(field: keyof API.AndonRecordQuery) {
  return {
    queryDeptId: 'queryDeptId',
    myRelatedFlag: '与我有关, 处理人或者报告人是我或者接收人是我',
    queryDisposeStatus: '处理状态 1 查询未处理的 2 查询已处理的',
    queryTimeType: '1 60天内 2 今天 3 本月 5 日期范围查询 默认1',
    factoryId: 'factoryId',
    startTime: 'startTime',
    endTime: 'endTime',
    size: 'size',
    current: 'current',
  }[field];
}

export function displayAndonRecordVO(field: keyof API.AndonRecordVO) {
  return {
    id: 'ID',
    factoryId: '工厂id',
    factoryName: 'factoryName',
    deptId: 'deptId',
    deptName: 'deptName',
    workshopId: '车间id',
    workshopName: 'workshopName',
    lineId: '产线d',
    lineName: 'lineName',
    machineId: '设备ID',
    signalId: '灯ID',
    calendarDetailId: '日历排班ID',
    calendarId: 'calendarId',
    calendarDate: 'calendarDate',
    shiftDetailName: 'shiftDetailName',
    machineName: 'machineName',
    machineCode: 'machineCode',
    configId: '事件配置ID',
    configName: 'configName',
    eventName: 'eventName',
    reportUserId: '报告人ID',
    reportUserName: 'reportUserName',
    reportTime: '开始时间',
    reportComments: '报告备注',
    reportDate: '报告日期',
    priority: '优先级',
    notifyUseridStrs: '通知人ID列表',
    receiveUserId: '接收人',
    receiveUserName: 'receiveUserName',
    receiveTime: '接收时间',
    receiveDurationTime: '接收用时',
    disposeDurationTime: 'disposeDurationTime',
    disposeUserId: '处理人ID',
    disposeUserName: 'disposeUserName',
    disposeDesc: '处理方式',
    disposeTime: '处理时间',
    totalDurationTime: '持续时间，单位秒',
    sourceType: '来源，1 移动端，2 安灯盒按钮， 3 异常事件',
    state: '状态，1 已上报，2 已接收，3 已处理， 9 已撤销',
    eventAnalysis: '原因分析',
    createdUserId: '创建人',
    createdTime: '创建时间',
    modifyiedUserId: '最后更新人',
    modifyiedTime: '最后更新时间',
    datetimeStamp: '时间戳',
    oeeDetailId: 'oee明细ID',
    workCenterName: 'workCenterName',
    workCenterCode: 'workCenterCode',
    disposeUserNames: 'disposeUserNames',
    disposeUserIds: 'disposeUserIds',
    totalDurationTimeSt: 'totalDurationTimeSt',
    receiveDurationTimeSt: 'receiveDurationTimeSt',
    disposeDurationTimeSt: 'disposeDurationTimeSt',
    statusText:
      '表状态，1 已上报，2 已接收，3 已处理， 9 已撤销转换状态 已申请 已响应 已关闭 已撤销',
    disposeUserList: 'disposeUserList',
    recordNodeList: 'recordNodeList',
    showColor: 'showColor',
    workCenterId: 'workCenterId',
    shiftShowColor: 'shiftShowColor',
    shiftStartTime: 'shiftStartTime',
    shiftEndTime: 'shiftEndTime',
    reportImgList: 'reportImgList',
    disposeImgList: 'disposeImgList',
    reportImgUrls: 'reportImgUrls',
    disposeImgUrls: 'disposeImgUrls',
    shiftName: 'shiftName',
    completedUserId: 'completedUserId',
    completedUserName: 'completedUserName',
  }[field];
}

export function displayAndonReq(field: keyof API.AndonReq) {
  return {
    configId: 'configId',
    configName: 'configName',
    imgList: 'imgList',
    reportComments: 'reportComments',
    selectHandlerUserIds: '处理用户',
    workCenterId: 'workCenterId',
    reqUserId: 'reqUserId',
    sourceType: '来源',
    processDispatchId: '工序派工id',
  }[field];
}

export function displayApiResult(field: keyof API.ApiResult) {
  return {
    code: '状态码',
    message: '提示',
    data: '数据',
    success: '是否成功',
  }[field];
}

export function displayApiResultAndonRecordVO(
  field: keyof API.ApiResultAndonRecordVO
) {
  return {
    code: '状态码',
    message: '提示',
    data: '<p>安灯_记录</p>',
    success: '是否成功',
  }[field];
}

export function displayApiResultMyPageAndonRecordVO(
  field: keyof API.ApiResultMyPageAndonRecordVO
) {
  return {
    code: '状态码',
    message: '提示',
    data: '数据',
    success: '是否成功',
  }[field];
}

export function displayApiResultString(field: keyof API.ApiResultString) {
  return {
    code: '状态码',
    message: '提示',
    data: '数据',
    success: '是否成功',
  }[field];
}

export function displayHookApiParams(field: keyof API.HookApiParams) {
  return {
    selectDeptId: 'selectDeptId',
  }[field];
}

export function displayHookApiParams2(field: keyof API.HookApiParams2) {
  return {
    id: 'ID',
    factoryId: '工厂ID',
    deptId: 'deptId',
    workshopId: '车间ID',
    lineId: '产线ID',
    categoryId: '分类ID',
    signalId: '灯ID',
    lightSn: 'lightSn',
    machineCode: '设备编号',
    machineName: '设备名称',
    pinyin: '拼音码',
    wubi: '五笔码',
    imgUrlStrs: '医院图片',
    manageUserId: '管理员ID',
    trademark: '品牌',
    model: '型号',
    serialNo: '序列号',
    supplier: '供应商',
    activationDate: '启用日期',
    checkDate: '验收日期',
    productionDate: '出厂日期',
    pulseInterval: '脉冲间隔',
    standardUseRate: '标准利用率',
    location: '放置地点',
    state: '状态,1启用,2 停用',
    remark: '备注',
    deleteFlag: '删除标记',
    createdUserId: '创建人',
    createdTime: '创建时间',
    modifyiedUserId: '最后更新人',
    modifyiedTime: '最后更新时间',
    datetimeStamp: '时间戳',
    searchKey: 'searchKey',
    oeeState: '0 关机，1 运行，2 等待，3 异常',
    oeeTime: 'oeeTime',
    stateRecordId: 'stateRecordId',
    stateStartTime: 'stateStartTime',
  }[field];
}

export function displayJSONObject(field: keyof API.JSONObject) {
  return {
    key: 'key',
  }[field];
}

export function displayMyPageAndonRecordVO(
  field: keyof API.MyPageAndonRecordVO
) {
  return {
    records: 'records',
    total: 'total',
    size: 'size',
    current: 'current',
    orders: 'orders',
    optimizeCountSql: 'optimizeCountSql',
    searchCount: 'searchCount',
    optimizeJoinOfCountSql: 'optimizeJoinOfCountSql',
    maxLimit: 'maxLimit',
    countId: 'countId',
    startTime: 'startTime',
    startTimeStr: 'startTimeStr',
    endTime: 'endTime',
    endTimeStr: 'endTimeStr',
    hasNextPage: 'hasNextPage',
  }[field];
}

export function displayOrderItem(field: keyof API.OrderItem) {
  return {
    column: 'column',
    asc: 'asc',
  }[field];
}

export function displayPlatformUser(field: keyof API.PlatformUser) {
  return {
    id: '用户ID',
    teamId: '团队id',
    factoryId: '工厂id',
    deptId: 'deptId',
    workshopId: '所属车间id',
    lineId: '所属产线d',
    userName: '用户姓名',
    email: '邮箱',
    jobTitle: '职称',
    jobNo: '用户工号',
    accountNo: '用户账号',
    password: '用户密码',
    idNumber: '身份证号',
    dateOfBirth: '出生日期',
    telephone: '联系电话',
    headImageUrl: '头像url',
    userType: '用户类型，1 平台，2 团队，3 工厂',
    adminFlag: '管理员标识，1 管理员，0 非管理员',
    state: '状态（1:在用 2:停用）',
    deleteFlag: '是否删除(0:否 1:是)',
    passwordModifyiedTime: '修改密码时间',
    createdUserId: '创建人',
    createdTime: '创建时间',
    modifyiedUserId: '最后更新人',
    modifyiedTime: '最后更新时间',
    datetimeStamp: '时间戳',
    genderCode: '1男 2女 9 未知',
    publicOpenId: 'publicOpenId',
    currentFactoryId: 'currentFactoryId',
    remark: '备注',
  }[field];
}

export function displayReportAbnormalEventDTO(
  field: keyof API.ReportAbnormalEventDTO
) {
  return {
    abnormalRecordId: '异常记录id',
    eventId: '事件id',
    processDispatchId: '工序派工id',
  }[field];
}
/* eslint-disable */
// @ts-ignore
export * from './types';
export * from './displayTypeLabel';

export * from './schema';

export * from './HookwebController';
export * from './HookwebController.reactquery';
export const $orderItem = {
  type: 'object',
  properties: {
    column: { type: 'string', description: '' },
    asc: { type: 'boolean', description: '' },
  },
  isAllowed: true,
};

export const $andonRecordNode = {
  type: 'object',
  properties: {
    id: { type: 'integer', description: '', format: 'int64' },
    andonRecordId: { type: 'integer', description: '', format: 'int64' },
    nodeDesc: { type: 'string', description: '节点描述' },
    nodeRemark: { type: 'string', description: '节点备注' },
    nodeType: {
      type: 'string',
      description:
        '1 已上报，2 已接收，3 已处理(关闭)， 4 更换处理人 5 变更内容 6 自定义回复 9 已撤销',
    },
    nodeTypeName: { type: 'string', description: '' },
    nodeUserId: { type: 'integer', description: '', format: 'int64' },
    nodeUserName: { type: 'string', description: '' },
    createdUserId: { type: 'integer', description: '', format: 'int64' },
    createdTime: { type: 'string', description: '' },
    modifyiedUserId: { type: 'integer', description: '', format: 'int64' },
    modifyiedTime: { type: 'string', description: '' },
  },
  isAllowed: true,
};

export const $platformUser = {
  type: 'object',
  properties: {
    id: { type: 'integer', description: '用户ID', format: 'int64' },
    teamId: { type: 'integer', description: '团队id', format: 'int64' },
    factoryId: { type: 'integer', description: '工厂id', format: 'int64' },
    deptId: { type: 'integer', description: '', format: 'int64' },
    workshopId: { type: 'integer', description: '所属车间id', format: 'int64' },
    lineId: { type: 'integer', description: '所属产线d', format: 'int64' },
    userName: { type: 'string', description: '用户姓名' },
    email: { type: 'string', description: '邮箱' },
    jobTitle: { type: 'string', description: '职称' },
    jobNo: { type: 'string', description: '用户工号' },
    accountNo: { type: 'string', description: '用户账号' },
    password: { type: 'string', description: '用户密码' },
    idNumber: { type: 'string', description: '身份证号' },
    dateOfBirth: { type: 'string', description: '出生日期' },
    telephone: { type: 'string', description: '联系电话' },
    headImageUrl: { type: 'string', description: '头像url' },
    userType: {
      type: 'string',
      description: '用户类型，1 平台，2 团队，3 工厂',
    },
    adminFlag: {
      type: 'string',
      description: '管理员标识，1 管理员，0 非管理员',
    },
    state: { type: 'string', description: '状态（1:在用 2:停用）' },
    deleteFlag: { type: 'string', description: '是否删除(0:否 1:是)' },
    passwordModifyiedTime: { type: 'string', description: '修改密码时间' },
    createdUserId: { type: 'integer', description: '创建人', format: 'int64' },
    createdTime: { type: 'string', description: '创建时间' },
    modifyiedUserId: {
      type: 'integer',
      description: '最后更新人',
      format: 'int64',
    },
    modifyiedTime: { type: 'string', description: '最后更新时间' },
    datetimeStamp: { type: 'string', description: '时间戳' },
    genderCode: { type: 'string', description: '1男 2女 9 未知' },
    publicOpenId: { type: 'string', description: '' },
    currentFactoryId: { type: 'integer', description: '', format: 'int64' },
    remark: { type: 'string', description: '备注' },
  },
  isAllowed: true,
};

export const $andonRecordVO = {
  type: 'object',
  properties: {
    id: { type: 'integer', description: 'ID', format: 'int64' },
    factoryId: { type: 'integer', description: '工厂id', format: 'int64' },
    factoryName: { type: 'string', description: '' },
    deptId: { type: 'integer', description: '', format: 'int64' },
    deptName: { type: 'string', description: '' },
    workshopId: { type: 'integer', description: '车间id', format: 'int64' },
    workshopName: { type: 'string', description: '' },
    lineId: { type: 'integer', description: '产线d', format: 'int64' },
    lineName: { type: 'string', description: '' },
    machineId: { type: 'integer', description: '设备ID', format: 'int64' },
    signalId: { type: 'integer', description: '灯ID', format: 'int64' },
    calendarDetailId: {
      type: 'integer',
      description: '日历排班ID',
      format: 'int64',
    },
    calendarId: { type: 'integer', description: '', format: 'int64' },
    calendarDate: { type: 'string', description: '' },
    shiftDetailName: { type: 'string', description: '' },
    machineName: { type: 'string', description: '' },
    machineCode: { type: 'string', description: '' },
    configId: { type: 'integer', description: '事件配置ID', format: 'int64' },
    configName: { type: 'string', description: '' },
    eventName: { type: 'string', description: '' },
    reportUserId: { type: 'integer', description: '报告人ID', format: 'int64' },
    reportUserName: { type: 'string', description: '' },
    reportTime: { type: 'string', description: '开始时间' },
    reportComments: { type: 'string', description: '报告备注' },
    reportDate: { type: 'string', description: '报告日期' },
    priority: { type: 'string', description: '优先级' },
    notifyUseridStrs: { type: 'string', description: '通知人ID列表' },
    receiveUserId: { type: 'integer', description: '接收人', format: 'int64' },
    receiveUserName: { type: 'string', description: '' },
    receiveTime: { type: 'string', description: '接收时间' },
    receiveDurationTime: {
      type: 'integer',
      description: '接收用时',
      format: 'int64',
    },
    disposeDurationTime: { type: 'integer', description: '', format: 'int64' },
    disposeUserId: {
      type: 'integer',
      description: '处理人ID',
      format: 'int64',
    },
    disposeUserName: { type: 'string', description: '' },
    disposeDesc: { type: 'string', description: '处理方式' },
    disposeTime: { type: 'string', description: '处理时间' },
    totalDurationTime: {
      type: 'integer',
      description: '持续时间，单位秒',
      format: 'int64',
    },
    sourceType: {
      type: 'string',
      description: '来源，1 移动端，2 安灯盒按钮， 3 异常事件',
    },
    state: {
      type: 'string',
      description: '状态，1 已上报，2 已接收，3 已处理， 9 已撤销',
    },
    eventAnalysis: { type: 'string', description: '原因分析' },
    createdUserId: { type: 'integer', description: '创建人', format: 'int64' },
    createdTime: { type: 'string', description: '创建时间' },
    modifyiedUserId: {
      type: 'integer',
      description: '最后更新人',
      format: 'int64',
    },
    modifyiedTime: { type: 'string', description: '最后更新时间' },
    datetimeStamp: { type: 'string', description: '时间戳' },
    oeeDetailId: { type: 'integer', description: 'oee明细ID', format: 'int64' },
    workCenterName: { type: 'string', description: '' },
    workCenterCode: { type: 'string', description: '' },
    disposeUserNames: { type: 'string', description: '' },
    disposeUserIds: { type: 'string', description: '' },
    totalDurationTimeSt: { type: 'string', description: '' },
    receiveDurationTimeSt: { type: 'string', description: '' },
    disposeDurationTimeSt: { type: 'string', description: '' },
    statusText: {
      type: 'string',
      description:
        '表状态，1 已上报，2 已接收，3 已处理， 9 已撤销\n转换状态 已申请 已响应 已关闭 已撤销',
    },
    disposeUserList: {
      type: 'array',
      items: {
        description: '<p>平台_用户</p>',
        type: 'object',
        properties: {
          id: { type: 'integer', description: '用户ID', format: 'int64' },
          teamId: { type: 'integer', description: '团队id', format: 'int64' },
          factoryId: {
            type: 'integer',
            description: '工厂id',
            format: 'int64',
          },
          deptId: { type: 'integer', description: '', format: 'int64' },
          workshopId: {
            type: 'integer',
            description: '所属车间id',
            format: 'int64',
          },
          lineId: {
            type: 'integer',
            description: '所属产线d',
            format: 'int64',
          },
          userName: { type: 'string', description: '用户姓名' },
          email: { type: 'string', description: '邮箱' },
          jobTitle: { type: 'string', description: '职称' },
          jobNo: { type: 'string', description: '用户工号' },
          accountNo: { type: 'string', description: '用户账号' },
          password: { type: 'string', description: '用户密码' },
          idNumber: { type: 'string', description: '身份证号' },
          dateOfBirth: { type: 'string', description: '出生日期' },
          telephone: { type: 'string', description: '联系电话' },
          headImageUrl: { type: 'string', description: '头像url' },
          userType: {
            type: 'string',
            description: '用户类型，1 平台，2 团队，3 工厂',
          },
          adminFlag: {
            type: 'string',
            description: '管理员标识，1 管理员，0 非管理员',
          },
          state: { type: 'string', description: '状态（1:在用 2:停用）' },
          deleteFlag: { type: 'string', description: '是否删除(0:否 1:是)' },
          passwordModifyiedTime: {
            type: 'string',
            description: '修改密码时间',
          },
          createdUserId: {
            type: 'integer',
            description: '创建人',
            format: 'int64',
          },
          createdTime: { type: 'string', description: '创建时间' },
          modifyiedUserId: {
            type: 'integer',
            description: '最后更新人',
            format: 'int64',
          },
          modifyiedTime: { type: 'string', description: '最后更新时间' },
          datetimeStamp: { type: 'string', description: '时间戳' },
          genderCode: { type: 'string', description: '1男 2女 9 未知' },
          publicOpenId: { type: 'string', description: '' },
          currentFactoryId: {
            type: 'integer',
            description: '',
            format: 'int64',
          },
          remark: { type: 'string', description: '备注' },
        },
        isAllowed: true,
        'x-id': 'PlatformUser',
      },
      description: '',
    },
    recordNodeList: {
      type: 'array',
      items: {
        description: '<p>安灯记录-节点</p>',
        type: 'object',
        properties: {
          id: { type: 'integer', description: '', format: 'int64' },
          andonRecordId: { type: 'integer', description: '', format: 'int64' },
          nodeDesc: { type: 'string', description: '节点描述' },
          nodeRemark: { type: 'string', description: '节点备注' },
          nodeType: {
            type: 'string',
            description:
              '1 已上报，2 已接收，3 已处理(关闭)， 4 更换处理人 5 变更内容 6 自定义回复 9 已撤销',
          },
          nodeTypeName: { type: 'string', description: '' },
          nodeUserId: { type: 'integer', description: '', format: 'int64' },
          nodeUserName: { type: 'string', description: '' },
          createdUserId: { type: 'integer', description: '', format: 'int64' },
          createdTime: { type: 'string', description: '' },
          modifyiedUserId: {
            type: 'integer',
            description: '',
            format: 'int64',
          },
          modifyiedTime: { type: 'string', description: '' },
        },
        isAllowed: true,
        'x-id': 'AndonRecordNode',
      },
      description: '',
    },
    showColor: { type: 'string', description: '' },
    workCenterId: { type: 'integer', description: '', format: 'int64' },
    shiftShowColor: { type: 'string', description: '' },
    shiftStartTime: { type: 'string', description: '' },
    shiftEndTime: { type: 'string', description: '' },
    reportImgList: {
      type: 'array',
      items: { type: 'string' },
      description: '',
    },
    disposeImgList: {
      type: 'array',
      items: { type: 'string' },
      description: '',
    },
    reportImgUrls: { type: 'string', description: '' },
    disposeImgUrls: { type: 'string', description: '' },
    shiftName: { type: 'string', description: '' },
    completedUserId: { type: 'integer', description: '', format: 'int64' },
    completedUserName: { type: 'string', description: '' },
  },
  isAllowed: true,
};

export const $myPageAndonRecordVO = {
  type: 'object',
  properties: {
    records: {
      type: 'array',
      items: {
        description: '<p>安灯_记录</p>',
        type: 'object',
        properties: {
          id: { type: 'integer', description: 'ID', format: 'int64' },
          factoryId: {
            type: 'integer',
            description: '工厂id',
            format: 'int64',
          },
          factoryName: { type: 'string', description: '' },
          deptId: { type: 'integer', description: '', format: 'int64' },
          deptName: { type: 'string', description: '' },
          workshopId: {
            type: 'integer',
            description: '车间id',
            format: 'int64',
          },
          workshopName: { type: 'string', description: '' },
          lineId: { type: 'integer', description: '产线d', format: 'int64' },
          lineName: { type: 'string', description: '' },
          machineId: {
            type: 'integer',
            description: '设备ID',
            format: 'int64',
          },
          signalId: { type: 'integer', description: '灯ID', format: 'int64' },
          calendarDetailId: {
            type: 'integer',
            description: '日历排班ID',
            format: 'int64',
          },
          calendarId: { type: 'integer', description: '', format: 'int64' },
          calendarDate: { type: 'string', description: '' },
          shiftDetailName: { type: 'string', description: '' },
          machineName: { type: 'string', description: '' },
          machineCode: { type: 'string', description: '' },
          configId: {
            type: 'integer',
            description: '事件配置ID',
            format: 'int64',
          },
          configName: { type: 'string', description: '' },
          eventName: { type: 'string', description: '' },
          reportUserId: {
            type: 'integer',
            description: '报告人ID',
            format: 'int64',
          },
          reportUserName: { type: 'string', description: '' },
          reportTime: { type: 'string', description: '开始时间' },
          reportComments: { type: 'string', description: '报告备注' },
          reportDate: { type: 'string', description: '报告日期' },
          priority: { type: 'string', description: '优先级' },
          notifyUseridStrs: { type: 'string', description: '通知人ID列表' },
          receiveUserId: {
            type: 'integer',
            description: '接收人',
            format: 'int64',
          },
          receiveUserName: { type: 'string', description: '' },
          receiveTime: { type: 'string', description: '接收时间' },
          receiveDurationTime: {
            type: 'integer',
            description: '接收用时',
            format: 'int64',
          },
          disposeDurationTime: {
            type: 'integer',
            description: '',
            format: 'int64',
          },
          disposeUserId: {
            type: 'integer',
            description: '处理人ID',
            format: 'int64',
          },
          disposeUserName: { type: 'string', description: '' },
          disposeDesc: { type: 'string', description: '处理方式' },
          disposeTime: { type: 'string', description: '处理时间' },
          totalDurationTime: {
            type: 'integer',
            description: '持续时间，单位秒',
            format: 'int64',
          },
          sourceType: {
            type: 'string',
            description: '来源，1 移动端，2 安灯盒按钮， 3 异常事件',
          },
          state: {
            type: 'string',
            description: '状态，1 已上报，2 已接收，3 已处理， 9 已撤销',
          },
          eventAnalysis: { type: 'string', description: '原因分析' },
          createdUserId: {
            type: 'integer',
            description: '创建人',
            format: 'int64',
          },
          createdTime: { type: 'string', description: '创建时间' },
          modifyiedUserId: {
            type: 'integer',
            description: '最后更新人',
            format: 'int64',
          },
          modifyiedTime: { type: 'string', description: '最后更新时间' },
          datetimeStamp: { type: 'string', description: '时间戳' },
          oeeDetailId: {
            type: 'integer',
            description: 'oee明细ID',
            format: 'int64',
          },
          workCenterName: { type: 'string', description: '' },
          workCenterCode: { type: 'string', description: '' },
          disposeUserNames: { type: 'string', description: '' },
          disposeUserIds: { type: 'string', description: '' },
          totalDurationTimeSt: { type: 'string', description: '' },
          receiveDurationTimeSt: { type: 'string', description: '' },
          disposeDurationTimeSt: { type: 'string', description: '' },
          statusText: {
            type: 'string',
            description:
              '表状态，1 已上报，2 已接收，3 已处理， 9 已撤销\n转换状态 已申请 已响应 已关闭 已撤销',
          },
          disposeUserList: {
            type: 'array',
            items: {
              description: '<p>平台_用户</p>',
              type: 'object',
              properties: {
                id: { type: 'integer', description: '用户ID', format: 'int64' },
                teamId: {
                  type: 'integer',
                  description: '团队id',
                  format: 'int64',
                },
                factoryId: {
                  type: 'integer',
                  description: '工厂id',
                  format: 'int64',
                },
                deptId: { type: 'integer', description: '', format: 'int64' },
                workshopId: {
                  type: 'integer',
                  description: '所属车间id',
                  format: 'int64',
                },
                lineId: {
                  type: 'integer',
                  description: '所属产线d',
                  format: 'int64',
                },
                userName: { type: 'string', description: '用户姓名' },
                email: { type: 'string', description: '邮箱' },
                jobTitle: { type: 'string', description: '职称' },
                jobNo: { type: 'string', description: '用户工号' },
                accountNo: { type: 'string', description: '用户账号' },
                password: { type: 'string', description: '用户密码' },
                idNumber: { type: 'string', description: '身份证号' },
                dateOfBirth: { type: 'string', description: '出生日期' },
                telephone: { type: 'string', description: '联系电话' },
                headImageUrl: { type: 'string', description: '头像url' },
                userType: {
                  type: 'string',
                  description: '用户类型，1 平台，2 团队，3 工厂',
                },
                adminFlag: {
                  type: 'string',
                  description: '管理员标识，1 管理员，0 非管理员',
                },
                state: { type: 'string', description: '状态（1:在用 2:停用）' },
                deleteFlag: {
                  type: 'string',
                  description: '是否删除(0:否 1:是)',
                },
                passwordModifyiedTime: {
                  type: 'string',
                  description: '修改密码时间',
                },
                createdUserId: {
                  type: 'integer',
                  description: '创建人',
                  format: 'int64',
                },
                createdTime: { type: 'string', description: '创建时间' },
                modifyiedUserId: {
                  type: 'integer',
                  description: '最后更新人',
                  format: 'int64',
                },
                modifyiedTime: { type: 'string', description: '最后更新时间' },
                datetimeStamp: { type: 'string', description: '时间戳' },
                genderCode: { type: 'string', description: '1男 2女 9 未知' },
                publicOpenId: { type: 'string', description: '' },
                currentFactoryId: {
                  type: 'integer',
                  description: '',
                  format: 'int64',
                },
                remark: { type: 'string', description: '备注' },
              },
              isAllowed: true,
              'x-id': 'PlatformUser',
            },
            description: '',
          },
          recordNodeList: {
            type: 'array',
            items: {
              description: '<p>安灯记录-节点</p>',
              type: 'object',
              properties: {
                id: { type: 'integer', description: '', format: 'int64' },
                andonRecordId: {
                  type: 'integer',
                  description: '',
                  format: 'int64',
                },
                nodeDesc: { type: 'string', description: '节点描述' },
                nodeRemark: { type: 'string', description: '节点备注' },
                nodeType: {
                  type: 'string',
                  description:
                    '1 已上报，2 已接收，3 已处理(关闭)， 4 更换处理人 5 变更内容 6 自定义回复 9 已撤销',
                },
                nodeTypeName: { type: 'string', description: '' },
                nodeUserId: {
                  type: 'integer',
                  description: '',
                  format: 'int64',
                },
                nodeUserName: { type: 'string', description: '' },
                createdUserId: {
                  type: 'integer',
                  description: '',
                  format: 'int64',
                },
                createdTime: { type: 'string', description: '' },
                modifyiedUserId: {
                  type: 'integer',
                  description: '',
                  format: 'int64',
                },
                modifyiedTime: { type: 'string', description: '' },
              },
              isAllowed: true,
              'x-id': 'AndonRecordNode',
            },
            description: '',
          },
          showColor: { type: 'string', description: '' },
          workCenterId: { type: 'integer', description: '', format: 'int64' },
          shiftShowColor: { type: 'string', description: '' },
          shiftStartTime: { type: 'string', description: '' },
          shiftEndTime: { type: 'string', description: '' },
          reportImgList: {
            type: 'array',
            items: { type: 'string' },
            description: '',
          },
          disposeImgList: {
            type: 'array',
            items: { type: 'string' },
            description: '',
          },
          reportImgUrls: { type: 'string', description: '' },
          disposeImgUrls: { type: 'string', description: '' },
          shiftName: { type: 'string', description: '' },
          completedUserId: {
            type: 'integer',
            description: '',
            format: 'int64',
          },
          completedUserName: { type: 'string', description: '' },
        },
        isAllowed: true,
        'x-id': 'AndonRecordVO',
      },
      description: '',
    },
    total: { type: 'integer', description: '', format: 'int64' },
    size: { type: 'integer', description: '', format: 'int64' },
    current: { type: 'integer', description: '', format: 'int64' },
    orders: {
      type: 'array',
      items: {
        description: 'com.baomidou.mybatisplus.core.metadata.OrderItem',
        type: 'object',
        properties: {
          column: { type: 'string', description: '' },
          asc: { type: 'boolean', description: '' },
        },
        isAllowed: true,
        'x-id': 'OrderItem',
      },
      description: '',
    },
    optimizeCountSql: { type: 'boolean', description: '' },
    searchCount: { type: 'boolean', description: '' },
    optimizeJoinOfCountSql: { type: 'boolean', description: '' },
    maxLimit: { type: 'integer', description: '', format: 'int64' },
    countId: { type: 'string', description: '' },
    startTime: { type: 'string', description: '' },
    startTimeStr: { type: 'string', description: '' },
    endTime: { type: 'string', description: '' },
    endTimeStr: { type: 'string', description: '' },
    hasNextPage: { type: 'boolean', description: '', default: false },
  },
  isAllowed: true,
};

export const $apiResult = {
  type: 'object',
  properties: {
    code: { type: 'string', description: '状态码' },
    message: { type: 'string', description: '提示' },
    data: { description: '数据', type: 'object', properties: {} },
    success: { type: 'boolean', description: '是否成功' },
  },
  isAllowed: true,
};

export const $apiResultString = {
  type: 'object',
  properties: {
    code: { type: 'string', description: '状态码' },
    message: { type: 'string', description: '提示' },
    data: { type: 'string', description: '数据' },
    success: { type: 'boolean', description: '是否成功' },
  },
  isAllowed: true,
};

export const $reportAbnormalEventDTO = {
  type: 'object',
  properties: {
    abnormalRecordId: {
      type: 'integer',
      description: '异常记录id',
      format: 'int64',
    },
    eventId: { type: 'integer', description: '事件id', format: 'int64' },
    processDispatchId: {
      type: 'integer',
      description: '工序派工id',
      format: 'int64',
    },
  },
  required: ['abnormalRecordId'],
  isAllowed: true,
};

export const $addDeviceMachine = {
  type: 'object',
  properties: {
    lineId: { type: 'integer', description: '', format: 'int64' },
    lineName: { type: 'string', description: '' },
    machineCode: { type: 'string', description: '' },
    machineName: { type: 'string', description: '' },
    manageUserId: { type: 'integer', description: '', format: 'int64' },
    manageUserName: { type: 'string', description: '' },
    lightSn: { type: 'string', description: '' },
    signalId: { type: 'integer', description: '', format: 'int64' },
    serialNo: { type: 'string', description: '' },
    location: { type: 'string', description: '' },
    imgList: {
      type: 'array',
      items: { type: 'string' },
      description: '',
      default: 'new ArrayList<>()',
    },
    deviceMachineId: {
      type: 'integer',
      description: '更新才有',
      format: 'int64',
    },
  },
  required: ['lineId', 'machineCode', 'machineName', 'lightSn'],
  isAllowed: true,
};

export const $apiResultAndonRecordVO = {
  type: 'object',
  properties: {
    code: { type: 'string', description: '状态码' },
    message: { type: 'string', description: '提示' },
    data: {
      description: '<p>安灯_记录</p>',
      type: 'object',
      properties: {
        id: { type: 'integer', description: 'ID', format: 'int64' },
        factoryId: { type: 'integer', description: '工厂id', format: 'int64' },
        factoryName: { type: 'string', description: '' },
        deptId: { type: 'integer', description: '', format: 'int64' },
        deptName: { type: 'string', description: '' },
        workshopId: { type: 'integer', description: '车间id', format: 'int64' },
        workshopName: { type: 'string', description: '' },
        lineId: { type: 'integer', description: '产线d', format: 'int64' },
        lineName: { type: 'string', description: '' },
        machineId: { type: 'integer', description: '设备ID', format: 'int64' },
        signalId: { type: 'integer', description: '灯ID', format: 'int64' },
        calendarDetailId: {
          type: 'integer',
          description: '日历排班ID',
          format: 'int64',
        },
        calendarId: { type: 'integer', description: '', format: 'int64' },
        calendarDate: { type: 'string', description: '' },
        shiftDetailName: { type: 'string', description: '' },
        machineName: { type: 'string', description: '' },
        machineCode: { type: 'string', description: '' },
        configId: {
          type: 'integer',
          description: '事件配置ID',
          format: 'int64',
        },
        configName: { type: 'string', description: '' },
        eventName: { type: 'string', description: '' },
        reportUserId: {
          type: 'integer',
          description: '报告人ID',
          format: 'int64',
        },
        reportUserName: { type: 'string', description: '' },
        reportTime: { type: 'string', description: '开始时间' },
        reportComments: { type: 'string', description: '报告备注' },
        reportDate: { type: 'string', description: '报告日期' },
        priority: { type: 'string', description: '优先级' },
        notifyUseridStrs: { type: 'string', description: '通知人ID列表' },
        receiveUserId: {
          type: 'integer',
          description: '接收人',
          format: 'int64',
        },
        receiveUserName: { type: 'string', description: '' },
        receiveTime: { type: 'string', description: '接收时间' },
        receiveDurationTime: {
          type: 'integer',
          description: '接收用时',
          format: 'int64',
        },
        disposeDurationTime: {
          type: 'integer',
          description: '',
          format: 'int64',
        },
        disposeUserId: {
          type: 'integer',
          description: '处理人ID',
          format: 'int64',
        },
        disposeUserName: { type: 'string', description: '' },
        disposeDesc: { type: 'string', description: '处理方式' },
        disposeTime: { type: 'string', description: '处理时间' },
        totalDurationTime: {
          type: 'integer',
          description: '持续时间，单位秒',
          format: 'int64',
        },
        sourceType: {
          type: 'string',
          description: '来源，1 移动端，2 安灯盒按钮， 3 异常事件',
        },
        state: {
          type: 'string',
          description: '状态，1 已上报，2 已接收，3 已处理， 9 已撤销',
        },
        eventAnalysis: { type: 'string', description: '原因分析' },
        createdUserId: {
          type: 'integer',
          description: '创建人',
          format: 'int64',
        },
        createdTime: { type: 'string', description: '创建时间' },
        modifyiedUserId: {
          type: 'integer',
          description: '最后更新人',
          format: 'int64',
        },
        modifyiedTime: { type: 'string', description: '最后更新时间' },
        datetimeStamp: { type: 'string', description: '时间戳' },
        oeeDetailId: {
          type: 'integer',
          description: 'oee明细ID',
          format: 'int64',
        },
        workCenterName: { type: 'string', description: '' },
        workCenterCode: { type: 'string', description: '' },
        disposeUserNames: { type: 'string', description: '' },
        disposeUserIds: { type: 'string', description: '' },
        totalDurationTimeSt: { type: 'string', description: '' },
        receiveDurationTimeSt: { type: 'string', description: '' },
        disposeDurationTimeSt: { type: 'string', description: '' },
        statusText: {
          type: 'string',
          description:
            '表状态，1 已上报，2 已接收，3 已处理， 9 已撤销\n转换状态 已申请 已响应 已关闭 已撤销',
        },
        disposeUserList: {
          type: 'array',
          items: {
            description: '<p>平台_用户</p>',
            type: 'object',
            properties: {
              id: { type: 'integer', description: '用户ID', format: 'int64' },
              teamId: {
                type: 'integer',
                description: '团队id',
                format: 'int64',
              },
              factoryId: {
                type: 'integer',
                description: '工厂id',
                format: 'int64',
              },
              deptId: { type: 'integer', description: '', format: 'int64' },
              workshopId: {
                type: 'integer',
                description: '所属车间id',
                format: 'int64',
              },
              lineId: {
                type: 'integer',
                description: '所属产线d',
                format: 'int64',
              },
              userName: { type: 'string', description: '用户姓名' },
              email: { type: 'string', description: '邮箱' },
              jobTitle: { type: 'string', description: '职称' },
              jobNo: { type: 'string', description: '用户工号' },
              accountNo: { type: 'string', description: '用户账号' },
              password: { type: 'string', description: '用户密码' },
              idNumber: { type: 'string', description: '身份证号' },
              dateOfBirth: { type: 'string', description: '出生日期' },
              telephone: { type: 'string', description: '联系电话' },
              headImageUrl: { type: 'string', description: '头像url' },
              userType: {
                type: 'string',
                description: '用户类型，1 平台，2 团队，3 工厂',
              },
              adminFlag: {
                type: 'string',
                description: '管理员标识，1 管理员，0 非管理员',
              },
              state: { type: 'string', description: '状态（1:在用 2:停用）' },
              deleteFlag: {
                type: 'string',
                description: '是否删除(0:否 1:是)',
              },
              passwordModifyiedTime: {
                type: 'string',
                description: '修改密码时间',
              },
              createdUserId: {
                type: 'integer',
                description: '创建人',
                format: 'int64',
              },
              createdTime: { type: 'string', description: '创建时间' },
              modifyiedUserId: {
                type: 'integer',
                description: '最后更新人',
                format: 'int64',
              },
              modifyiedTime: { type: 'string', description: '最后更新时间' },
              datetimeStamp: { type: 'string', description: '时间戳' },
              genderCode: { type: 'string', description: '1男 2女 9 未知' },
              publicOpenId: { type: 'string', description: '' },
              currentFactoryId: {
                type: 'integer',
                description: '',
                format: 'int64',
              },
              remark: { type: 'string', description: '备注' },
            },
            isAllowed: true,
            'x-id': 'PlatformUser',
          },
          description: '',
        },
        recordNodeList: {
          type: 'array',
          items: {
            description: '<p>安灯记录-节点</p>',
            type: 'object',
            properties: {
              id: { type: 'integer', description: '', format: 'int64' },
              andonRecordId: {
                type: 'integer',
                description: '',
                format: 'int64',
              },
              nodeDesc: { type: 'string', description: '节点描述' },
              nodeRemark: { type: 'string', description: '节点备注' },
              nodeType: {
                type: 'string',
                description:
                  '1 已上报，2 已接收，3 已处理(关闭)， 4 更换处理人 5 变更内容 6 自定义回复 9 已撤销',
              },
              nodeTypeName: { type: 'string', description: '' },
              nodeUserId: { type: 'integer', description: '', format: 'int64' },
              nodeUserName: { type: 'string', description: '' },
              createdUserId: {
                type: 'integer',
                description: '',
                format: 'int64',
              },
              createdTime: { type: 'string', description: '' },
              modifyiedUserId: {
                type: 'integer',
                description: '',
                format: 'int64',
              },
              modifyiedTime: { type: 'string', description: '' },
            },
            isAllowed: true,
            'x-id': 'AndonRecordNode',
          },
          description: '',
        },
        showColor: { type: 'string', description: '' },
        workCenterId: { type: 'integer', description: '', format: 'int64' },
        shiftShowColor: { type: 'string', description: '' },
        shiftStartTime: { type: 'string', description: '' },
        shiftEndTime: { type: 'string', description: '' },
        reportImgList: {
          type: 'array',
          items: { type: 'string' },
          description: '',
        },
        disposeImgList: {
          type: 'array',
          items: { type: 'string' },
          description: '',
        },
        reportImgUrls: { type: 'string', description: '' },
        disposeImgUrls: { type: 'string', description: '' },
        shiftName: { type: 'string', description: '' },
        completedUserId: { type: 'integer', description: '', format: 'int64' },
        completedUserName: { type: 'string', description: '' },
      },
      isAllowed: true,
      'x-id': 'AndonRecordVO',
    },
    success: { type: 'boolean', description: '是否成功' },
  },
  isAllowed: true,
};

export const $andonClose = {
  type: 'object',
  properties: {
    andonRecordId: { type: 'integer', description: '', format: 'int64' },
    disposeDesc: { type: 'string', description: '' },
    disposeImgUrls: {
      type: 'array',
      items: { type: 'string' },
      description: '',
    },
  },
  required: ['andonRecordId'],
  isAllowed: true,
};

export const $apiResultMyPageAndonRecordVO = {
  type: 'object',
  properties: {
    code: { type: 'string', description: '状态码' },
    message: { type: 'string', description: '提示' },
    data: {
      description: '数据',
      type: 'object',
      properties: {
        records: {
          type: 'array',
          items: {
            description: '<p>安灯_记录</p>',
            type: 'object',
            properties: {
              id: { type: 'integer', description: 'ID', format: 'int64' },
              factoryId: {
                type: 'integer',
                description: '工厂id',
                format: 'int64',
              },
              factoryName: { type: 'string', description: '' },
              deptId: { type: 'integer', description: '', format: 'int64' },
              deptName: { type: 'string', description: '' },
              workshopId: {
                type: 'integer',
                description: '车间id',
                format: 'int64',
              },
              workshopName: { type: 'string', description: '' },
              lineId: {
                type: 'integer',
                description: '产线d',
                format: 'int64',
              },
              lineName: { type: 'string', description: '' },
              machineId: {
                type: 'integer',
                description: '设备ID',
                format: 'int64',
              },
              signalId: {
                type: 'integer',
                description: '灯ID',
                format: 'int64',
              },
              calendarDetailId: {
                type: 'integer',
                description: '日历排班ID',
                format: 'int64',
              },
              calendarId: { type: 'integer', description: '', format: 'int64' },
              calendarDate: { type: 'string', description: '' },
              shiftDetailName: { type: 'string', description: '' },
              machineName: { type: 'string', description: '' },
              machineCode: { type: 'string', description: '' },
              configId: {
                type: 'integer',
                description: '事件配置ID',
                format: 'int64',
              },
              configName: { type: 'string', description: '' },
              eventName: { type: 'string', description: '' },
              reportUserId: {
                type: 'integer',
                description: '报告人ID',
                format: 'int64',
              },
              reportUserName: { type: 'string', description: '' },
              reportTime: { type: 'string', description: '开始时间' },
              reportComments: { type: 'string', description: '报告备注' },
              reportDate: { type: 'string', description: '报告日期' },
              priority: { type: 'string', description: '优先级' },
              notifyUseridStrs: { type: 'string', description: '通知人ID列表' },
              receiveUserId: {
                type: 'integer',
                description: '接收人',
                format: 'int64',
              },
              receiveUserName: { type: 'string', description: '' },
              receiveTime: { type: 'string', description: '接收时间' },
              receiveDurationTime: {
                type: 'integer',
                description: '接收用时',
                format: 'int64',
              },
              disposeDurationTime: {
                type: 'integer',
                description: '',
                format: 'int64',
              },
              disposeUserId: {
                type: 'integer',
                description: '处理人ID',
                format: 'int64',
              },
              disposeUserName: { type: 'string', description: '' },
              disposeDesc: { type: 'string', description: '处理方式' },
              disposeTime: { type: 'string', description: '处理时间' },
              totalDurationTime: {
                type: 'integer',
                description: '持续时间，单位秒',
                format: 'int64',
              },
              sourceType: {
                type: 'string',
                description: '来源，1 移动端，2 安灯盒按钮， 3 异常事件',
              },
              state: {
                type: 'string',
                description: '状态，1 已上报，2 已接收，3 已处理， 9 已撤销',
              },
              eventAnalysis: { type: 'string', description: '原因分析' },
              createdUserId: {
                type: 'integer',
                description: '创建人',
                format: 'int64',
              },
              createdTime: { type: 'string', description: '创建时间' },
              modifyiedUserId: {
                type: 'integer',
                description: '最后更新人',
                format: 'int64',
              },
              modifyiedTime: { type: 'string', description: '最后更新时间' },
              datetimeStamp: { type: 'string', description: '时间戳' },
              oeeDetailId: {
                type: 'integer',
                description: 'oee明细ID',
                format: 'int64',
              },
              workCenterName: { type: 'string', description: '' },
              workCenterCode: { type: 'string', description: '' },
              disposeUserNames: { type: 'string', description: '' },
              disposeUserIds: { type: 'string', description: '' },
              totalDurationTimeSt: { type: 'string', description: '' },
              receiveDurationTimeSt: { type: 'string', description: '' },
              disposeDurationTimeSt: { type: 'string', description: '' },
              statusText: {
                type: 'string',
                description:
                  '表状态，1 已上报，2 已接收，3 已处理， 9 已撤销\n转换状态 已申请 已响应 已关闭 已撤销',
              },
              disposeUserList: {
                type: 'array',
                items: {
                  description: '<p>平台_用户</p>',
                  type: 'object',
                  properties: {
                    id: {
                      type: 'integer',
                      description: '用户ID',
                      format: 'int64',
                    },
                    teamId: {
                      type: 'integer',
                      description: '团队id',
                      format: 'int64',
                    },
                    factoryId: {
                      type: 'integer',
                      description: '工厂id',
                      format: 'int64',
                    },
                    deptId: {
                      type: 'integer',
                      description: '',
                      format: 'int64',
                    },
                    workshopId: {
                      type: 'integer',
                      description: '所属车间id',
                      format: 'int64',
                    },
                    lineId: {
                      type: 'integer',
                      description: '所属产线d',
                      format: 'int64',
                    },
                    userName: { type: 'string', description: '用户姓名' },
                    email: { type: 'string', description: '邮箱' },
                    jobTitle: { type: 'string', description: '职称' },
                    jobNo: { type: 'string', description: '用户工号' },
                    accountNo: { type: 'string', description: '用户账号' },
                    password: { type: 'string', description: '用户密码' },
                    idNumber: { type: 'string', description: '身份证号' },
                    dateOfBirth: { type: 'string', description: '出生日期' },
                    telephone: { type: 'string', description: '联系电话' },
                    headImageUrl: { type: 'string', description: '头像url' },
                    userType: {
                      type: 'string',
                      description: '用户类型，1 平台，2 团队，3 工厂',
                    },
                    adminFlag: {
                      type: 'string',
                      description: '管理员标识，1 管理员，0 非管理员',
                    },
                    state: {
                      type: 'string',
                      description: '状态（1:在用 2:停用）',
                    },
                    deleteFlag: {
                      type: 'string',
                      description: '是否删除(0:否 1:是)',
                    },
                    passwordModifyiedTime: {
                      type: 'string',
                      description: '修改密码时间',
                    },
                    createdUserId: {
                      type: 'integer',
                      description: '创建人',
                      format: 'int64',
                    },
                    createdTime: { type: 'string', description: '创建时间' },
                    modifyiedUserId: {
                      type: 'integer',
                      description: '最后更新人',
                      format: 'int64',
                    },
                    modifyiedTime: {
                      type: 'string',
                      description: '最后更新时间',
                    },
                    datetimeStamp: { type: 'string', description: '时间戳' },
                    genderCode: {
                      type: 'string',
                      description: '1男 2女 9 未知',
                    },
                    publicOpenId: { type: 'string', description: '' },
                    currentFactoryId: {
                      type: 'integer',
                      description: '',
                      format: 'int64',
                    },
                    remark: { type: 'string', description: '备注' },
                  },
                  isAllowed: true,
                  'x-id': 'PlatformUser',
                },
                description: '',
              },
              recordNodeList: {
                type: 'array',
                items: {
                  description: '<p>安灯记录-节点</p>',
                  type: 'object',
                  properties: {
                    id: { type: 'integer', description: '', format: 'int64' },
                    andonRecordId: {
                      type: 'integer',
                      description: '',
                      format: 'int64',
                    },
                    nodeDesc: { type: 'string', description: '节点描述' },
                    nodeRemark: { type: 'string', description: '节点备注' },
                    nodeType: {
                      type: 'string',
                      description:
                        '1 已上报，2 已接收，3 已处理(关闭)， 4 更换处理人 5 变更内容 6 自定义回复 9 已撤销',
                    },
                    nodeTypeName: { type: 'string', description: '' },
                    nodeUserId: {
                      type: 'integer',
                      description: '',
                      format: 'int64',
                    },
                    nodeUserName: { type: 'string', description: '' },
                    createdUserId: {
                      type: 'integer',
                      description: '',
                      format: 'int64',
                    },
                    createdTime: { type: 'string', description: '' },
                    modifyiedUserId: {
                      type: 'integer',
                      description: '',
                      format: 'int64',
                    },
                    modifyiedTime: { type: 'string', description: '' },
                  },
                  isAllowed: true,
                  'x-id': 'AndonRecordNode',
                },
                description: '',
              },
              showColor: { type: 'string', description: '' },
              workCenterId: {
                type: 'integer',
                description: '',
                format: 'int64',
              },
              shiftShowColor: { type: 'string', description: '' },
              shiftStartTime: { type: 'string', description: '' },
              shiftEndTime: { type: 'string', description: '' },
              reportImgList: {
                type: 'array',
                items: { type: 'string' },
                description: '',
              },
              disposeImgList: {
                type: 'array',
                items: { type: 'string' },
                description: '',
              },
              reportImgUrls: { type: 'string', description: '' },
              disposeImgUrls: { type: 'string', description: '' },
              shiftName: { type: 'string', description: '' },
              completedUserId: {
                type: 'integer',
                description: '',
                format: 'int64',
              },
              completedUserName: { type: 'string', description: '' },
            },
            isAllowed: true,
            'x-id': 'AndonRecordVO',
          },
          description: '',
        },
        total: { type: 'integer', description: '', format: 'int64' },
        size: { type: 'integer', description: '', format: 'int64' },
        current: { type: 'integer', description: '', format: 'int64' },
        orders: {
          type: 'array',
          items: {
            description: 'com.baomidou.mybatisplus.core.metadata.OrderItem',
            type: 'object',
            properties: {
              column: { type: 'string', description: '' },
              asc: { type: 'boolean', description: '' },
            },
            isAllowed: true,
            'x-id': 'OrderItem',
          },
          description: '',
        },
        optimizeCountSql: { type: 'boolean', description: '' },
        searchCount: { type: 'boolean', description: '' },
        optimizeJoinOfCountSql: { type: 'boolean', description: '' },
        maxLimit: { type: 'integer', description: '', format: 'int64' },
        countId: { type: 'string', description: '' },
        startTime: { type: 'string', description: '' },
        startTimeStr: { type: 'string', description: '' },
        endTime: { type: 'string', description: '' },
        endTimeStr: { type: 'string', description: '' },
        hasNextPage: { type: 'boolean', description: '', default: false },
      },
      isAllowed: true,
      'x-id': 'MyPageAndonRecordVO',
    },
    success: { type: 'boolean', description: '是否成功' },
  },
  isAllowed: true,
};

export const $andonRecordQuery = {
  type: 'object',
  properties: {
    queryDeptId: { type: 'integer', description: '', format: 'int64' },
    myRelatedFlag: {
      type: 'string',
      description: '与我有关, 处理人或者报告人是我或者接收人是我',
      default: '0',
    },
    queryDisposeStatus: {
      type: 'string',
      description: '处理状态 1 查询未处理的 2 查询已处理的',
    },
    queryTimeType: {
      type: 'string',
      description: '1 60天内 2 今天 3 本月 5 日期范围查询 默认1',
      default: '1',
    },
    factoryId: { type: 'integer', description: '', format: 'int64' },
    startTime: { type: 'string', description: '' },
    endTime: { type: 'string', description: '' },
    size: { type: 'integer', description: '', format: 'int64', default: 30 },
    current: { type: 'integer', description: '', format: 'int64', default: 1 },
  },
  isAllowed: true,
};

export const $andonReq = {
  type: 'object',
  properties: {
    configId: { type: 'integer', description: '', format: 'int64' },
    configName: { type: 'string', description: '' },
    imgList: { type: 'array', items: { type: 'string' }, description: '' },
    reportComments: { type: 'string', description: '' },
    selectHandlerUserIds: {
      type: 'array',
      items: { type: 'integer' },
      description: '处理用户',
    },
    workCenterId: { type: 'integer', description: '', format: 'int64' },
    reqUserId: { type: 'integer', description: '', format: 'int64' },
    sourceType: { type: 'string', description: '来源' },
    processDispatchId: {
      type: 'integer',
      description: '工序派工id',
      format: 'int64',
    },
  },
  required: ['configId', 'configName', 'selectHandlerUserIds', 'workCenterId'],
  isAllowed: true,
};

export const $jSONObject = {
  type: 'object',
  properties: { key: { type: 'object', properties: {} } },
  isAllowed: true,
};
/* eslint-disable */
// @ts-ignore

export type MultiAddDeviceMachine = {
  lineId: number;
  lineName?: string;
  machineCode: string;
  machineName: string;
  manageUserId?: number;
  manageUserName?: string;
  lightSn: string;
  signalId?: number;
  serialNo?: string;
  location?: string;
  imgList?: string[];
  /** 更新才有 */
  deviceMachineId?: number;
};

export type MultiAndonClose = {
  andonRecordId: number;
  disposeDesc?: string;
  disposeImgUrls?: string[];
};

export type MultiAndonRecordNode = {
  id?: number;
  andonRecordId?: number;
  /** 节点描述 */
  nodeDesc?: string;
  /** 节点备注 */
  nodeRemark?: string;
  /** 1 已上报，2 已接收，3 已处理(关闭)， 4 更换处理人 5 变更内容 6 自定义回复 9 已撤销 */
  nodeType?: string;
  nodeTypeName?: string;
  nodeUserId?: number;
  nodeUserName?: string;
  createdUserId?: number;
  createdTime?: string;
  modifyiedUserId?: number;
  modifyiedTime?: string;
};

export type MultiAndonRecordQuery = {
  queryDeptId?: number;
  /** 与我有关, 处理人或者报告人是我或者接收人是我 */
  myRelatedFlag?: string;
  /** 处理状态 1 查询未处理的 2 查询已处理的 */
  queryDisposeStatus?: string;
  /** 1 60天内 2 今天 3 本月 5 日期范围查询 默认1 */
  queryTimeType?: string;
  factoryId?: number;
  startTime?: string;
  endTime?: string;
  size?: number;
  current?: number;
};

export type MultiAndonRecordVO = {
  /** ID */
  id?: number;
  /** 工厂id */
  factoryId?: number;
  factoryName?: string;
  deptId?: number;
  deptName?: string;
  /** 车间id */
  workshopId?: number;
  workshopName?: string;
  /** 产线d */
  lineId?: number;
  lineName?: string;
  /** 设备ID */
  machineId?: number;
  /** 灯ID */
  signalId?: number;
  /** 日历排班ID */
  calendarDetailId?: number;
  calendarId?: number;
  calendarDate?: string;
  shiftDetailName?: string;
  machineName?: string;
  machineCode?: string;
  /** 事件配置ID */
  configId?: number;
  configName?: string;
  eventName?: string;
  /** 报告人ID */
  reportUserId?: number;
  reportUserName?: string;
  /** 开始时间 */
  reportTime?: string;
  /** 报告备注 */
  reportComments?: string;
  /** 报告日期 */
  reportDate?: string;
  /** 优先级 */
  priority?: string;
  /** 通知人ID列表 */
  notifyUseridStrs?: string;
  /** 接收人 */
  receiveUserId?: number;
  receiveUserName?: string;
  /** 接收时间 */
  receiveTime?: string;
  /** 接收用时 */
  receiveDurationTime?: number;
  disposeDurationTime?: number;
  /** 处理人ID */
  disposeUserId?: number;
  disposeUserName?: string;
  /** 处理方式 */
  disposeDesc?: string;
  /** 处理时间 */
  disposeTime?: string;
  /** 持续时间，单位秒 */
  totalDurationTime?: number;
  /** 来源，1 移动端，2 安灯盒按钮， 3 异常事件 */
  sourceType?: string;
  /** 状态，1 已上报，2 已接收，3 已处理， 9 已撤销 */
  state?: string;
  /** 原因分析 */
  eventAnalysis?: string;
  /** 创建人 */
  createdUserId?: number;
  /** 创建时间 */
  createdTime?: string;
  /** 最后更新人 */
  modifyiedUserId?: number;
  /** 最后更新时间 */
  modifyiedTime?: string;
  /** 时间戳 */
  datetimeStamp?: string;
  /** oee明细ID */
  oeeDetailId?: number;
  workCenterName?: string;
  workCenterCode?: string;
  disposeUserNames?: string;
  disposeUserIds?: string;
  totalDurationTimeSt?: string;
  receiveDurationTimeSt?: string;
  disposeDurationTimeSt?: string;
  /** 表状态，1 已上报，2 已接收，3 已处理， 9 已撤销转换状态 已申请 已响应 已关闭 已撤销 */
  statusText?: string;
  disposeUserList?: PlatformUser[];
  recordNodeList?: AndonRecordNode[];
  showColor?: string;
  workCenterId?: number;
  shiftShowColor?: string;
  shiftStartTime?: string;
  shiftEndTime?: string;
  reportImgList?: string[];
  disposeImgList?: string[];
  reportImgUrls?: string;
  disposeImgUrls?: string;
  shiftName?: string;
  completedUserId?: number;
  completedUserName?: string;
};

export type MultiAndonReq = {
  configId: number;
  configName: string;
  imgList?: string[];
  reportComments?: string;
  /** 处理用户 */
  selectHandlerUserIds: number[];
  workCenterId: number;
  reqUserId?: number;
  /** 来源 */
  sourceType?: string;
  /** 工序派工id */
  processDispatchId?: number;
};

export type MultiApiResult = {
  /** 状态码 */
  code?: string;
  /** 提示 */
  message?: string;
  /** 数据 */
  data?: Record<string, unknown>;
  /** 是否成功 */
  success?: boolean;
};

export type MultiApiResultAndonRecordVO = {
  /** 状态码 */
  code?: string;
  /** 提示 */
  message?: string;
  /** <p>安灯_记录</p> */
  data?: AndonRecordVO;
  /** 是否成功 */
  success?: boolean;
};

export type MultiApiResultMyPageAndonRecordVO = {
  /** 状态码 */
  code?: string;
  /** 提示 */
  message?: string;
  /** 数据 */
  data?: MyPageAndonRecordVO;
  /** 是否成功 */
  success?: boolean;
};

export type MultiApiResultString = {
  /** 状态码 */
  code?: string;
  /** 提示 */
  message?: string;
  /** 数据 */
  data?: string;
  /** 是否成功 */
  success?: boolean;
};

export type MultiHookApi_10Responses = {
  200: ApiResult;
};

export type MultiHookApi_11Responses = {
  200: ApiResult;
};

export type MultiHookApi_12Responses = {
  200: ApiResultAndonRecordVO;
};

export type MultiHookApi_13Responses = {
  200: ApiResult;
};

export type MultiHookApi_14Body = string;

export type MultiHookApi_14Responses = {
  200: ApiResult;
};

export type MultiHookApi_15Responses = {
  200: ApiResult;
};

export type MultiHookApi_16Responses = {
  200: ApiResult;
};

export type MultiHookApi_17Responses = {
  200: ApiResult;
};

export type MultiHookApi_18Responses = {
  200: ApiResult;
};

export type MultiHookApi_19Responses = {
  200: ApiResult;
};

export type MultiHookApi_20Responses = {
  200: ApiResult;
};

export type MultiHookApi_21Responses = {
  200: ApiResult;
};

export type MultiHookApi_22Responses = {
  200: ApiResult;
};

export type MultiHookApi_23Responses = {
  200: ApiResultString;
};

export type MultiHookApi_2Responses = {
  200: ApiResult;
};

export type MultiHookApi_3Responses = {
  200: ApiResult;
};

export type MultiHookApi_4Responses = {
  200: ApiResult;
};

export type MultiHookApi_5Responses = {
  200: ApiResult;
};

export type MultiHookApi_6Responses = {
  200: ApiResultMyPageAndonRecordVO;
};

export type MultiHookApi_7Responses = {
  200: ApiResult;
};

export type MultiHookApi_8Responses = {
  200: ApiResult;
};

export type MultiHookApi_9Responses = {
  200: ApiResult;
};

export type MultiHookApiParams = {
  selectDeptId?: number;
};

export type MultiHookApiParams2 = {
  /** ID */
  id?: number;
  /** 工厂ID */
  factoryId?: number;
  deptId?: number;
  /** 车间ID */
  workshopId?: number;
  /** 产线ID */
  lineId?: number;
  /** 分类ID */
  categoryId?: number;
  /** 灯ID */
  signalId?: number;
  lightSn?: string;
  /** 设备编号 */
  machineCode?: string;
  /** 设备名称 */
  machineName?: string;
  /** 拼音码 */
  pinyin?: string;
  /** 五笔码 */
  wubi?: string;
  /** 医院图片 */
  imgUrlStrs?: string;
  /** 管理员ID */
  manageUserId?: number;
  /** 品牌 */
  trademark?: string;
  /** 型号 */
  model?: string;
  /** 序列号 */
  serialNo?: string;
  /** 供应商 */
  supplier?: string;
  /** 启用日期 */
  activationDate?: string;
  /** 验收日期 */
  checkDate?: string;
  /** 出厂日期 */
  productionDate?: string;
  /** 脉冲间隔 */
  pulseInterval?: number;
  /** 标准利用率 */
  standardUseRate?: string;
  /** 放置地点 */
  location?: string;
  /** 状态,1启用,2 停用 */
  state?: string;
  /** 备注 */
  remark?: string;
  /** 删除标记 */
  deleteFlag?: string;
  /** 创建人 */
  createdUserId?: number;
  /** 创建时间 */
  createdTime?: string;
  /** 最后更新人 */
  modifyiedUserId?: number;
  /** 最后更新时间 */
  modifyiedTime?: string;
  /** 时间戳 */
  datetimeStamp?: string;
  searchKey?: string;
  /** 0 关机，1 运行，2 等待，3 异常 */
  oeeState?: string;
  oeeTime?: string;
  stateRecordId?: number;
  stateStartTime?: string;
};

export type MultiHookApiResponses = {
  200: ApiResult;
};

export type MultiJSONObject = {
  key?: Record<string, unknown>;
};

export type MultiMyPageAndonRecordVO = {
  records?: AndonRecordVO[];
  total?: number;
  size?: number;
  current?: number;
  orders?: OrderItem[];
  optimizeCountSql?: boolean;
  searchCount?: boolean;
  optimizeJoinOfCountSql?: boolean;
  maxLimit?: number;
  countId?: string;
  startTime?: string;
  startTimeStr?: string;
  endTime?: string;
  endTimeStr?: string;
  hasNextPage?: boolean;
};

export type MultiOrderItem = {
  column?: string;
  asc?: boolean;
};

export type MultiPlatformUser = {
  /** 用户ID */
  id?: number;
  /** 团队id */
  teamId?: number;
  /** 工厂id */
  factoryId?: number;
  deptId?: number;
  /** 所属车间id */
  workshopId?: number;
  /** 所属产线d */
  lineId?: number;
  /** 用户姓名 */
  userName?: string;
  /** 邮箱 */
  email?: string;
  /** 职称 */
  jobTitle?: string;
  /** 用户工号 */
  jobNo?: string;
  /** 用户账号 */
  accountNo?: string;
  /** 用户密码 */
  password?: string;
  /** 身份证号 */
  idNumber?: string;
  /** 出生日期 */
  dateOfBirth?: string;
  /** 联系电话 */
  telephone?: string;
  /** 头像url */
  headImageUrl?: string;
  /** 用户类型，1 平台，2 团队，3 工厂 */
  userType?: string;
  /** 管理员标识，1 管理员，0 非管理员 */
  adminFlag?: string;
  /** 状态（1:在用 2:停用） */
  state?: string;
  /** 是否删除(0:否 1:是) */
  deleteFlag?: string;
  /** 修改密码时间 */
  passwordModifyiedTime?: string;
  /** 创建人 */
  createdUserId?: number;
  /** 创建时间 */
  createdTime?: string;
  /** 最后更新人 */
  modifyiedUserId?: number;
  /** 最后更新时间 */
  modifyiedTime?: string;
  /** 时间戳 */
  datetimeStamp?: string;
  /** 1男 2女 9 未知 */
  genderCode?: string;
  publicOpenId?: string;
  currentFactoryId?: number;
  /** 备注 */
  remark?: string;
};

export type MultiReportAbnormalEventDTO = {
  /** 异常记录id */
  abnormalRecordId: number;
  /** 事件id */
  eventId?: number;
  /** 工序派工id */
  processDispatchId?: number;
};
