/* eslint-disable */
// @ts-ignore
export * from './types';

export * from './psp';
/* eslint-disable */
// @ts-ignore
import { request } from 'axios';

import * as API from './types';

/** 成员分页列表 GET /admin/admins */
export async function adminAdminsUsingGet({
  params,
  options,
}: {
  // 叠加生成的Param类型 (非body参数openapi默认没有生成对象)
  params: API.adminAdminsUsingGetParams;
  options?: { [key: string]: unknown };
}) {
  return request<
    API.Response & {
      data?: API.AdminListRet;
    }
  >('/admin/admins', {
    method: 'GET',
    params: {
      ...params,
    },
    ...(options || {}),
  });
}

/** 成员创建 POST /admin/admins */
export async function adminAdminsUsingPost({
  body,
  options,
}: {
  body: API.AdminCreateArg;
  options?: { [key: string]: unknown };
}) {
  return request<
    API.Response & {
      data?: API.AdminCreateRet;
    }
  >('/admin/admins', {
    method: 'POST',
    headers: {
      'Content-Type': 'application/json',
    },
    data: body,
    ...(options || {}),
  });
}

/** 成员信息 GET /admin/admins/${param0} */
export async function adminAdminsIdUsingGet({
  params,
  options,
}: {
  // 叠加生成的Param类型 (非body参数openapi默认没有生成对象)
  params: API.adminAdminsIdUsingGetParams;
  options?: { [key: string]: unknown };
}) {
  const { id: param0, ...queryParams } = params;

  return request<
    API.Response & {
      data?: API.AdminInfo;
    }
  >(`/admin/admins/${param0}`, {
    method: 'GET',
    params: { ...queryParams },
    ...(options || {}),
  });
}

/** 成员编辑 PUT /admin/admins/${param0} */
export async function adminAdminsIdUsingPut({
  params,
  body,
  options,
}: {
  // 叠加生成的Param类型 (非body参数openapi默认没有生成对象)
  params: API.adminAdminsIdUsingPutParams;
  body: API.AdminUpdateArg;
  options?: { [key: string]: unknown };
}) {
  const { id: param0, ...queryParams } = params;

  return request<API.Response>(`/admin/admins/${param0}`, {
    method: 'PUT',
    headers: {
      'Content-Type': 'application/json',
    },
    params: { ...queryParams },
    data: body,
    ...(options || {}),
  });
}

/** 成员权限设置 PATCH /admin/admins/${param0}/permissions */
export async function adminAdminsIdPermissionsUsingPatch({
  params,
  body,
  options,
}: {
  // 叠加生成的Param类型 (非body参数openapi默认没有生成对象)
  params: API.adminAdminsIdPermissionsUsingPatchParams;
  body: API.AdminSetPermissionsArg;
  options?: { [key: string]: unknown };
}) {
  const { id: param0, ...queryParams } = params;

  return request<API.Response>(`/admin/admins/${param0}/permissions`, {
    method: 'PATCH',
    headers: {
      'Content-Type': 'application/json',
    },
    params: { ...queryParams },
    data: body,
    ...(options || {}),
  });
}

/** 成员重置密码 PATCH /admin/admins/${param0}/reset */
export async function adminAdminsIdResetUsingPatch({
  params,
  options,
}: {
  // 叠加生成的Param类型 (非body参数openapi默认没有生成对象)
  params: API.adminAdminsIdResetUsingPatchParams;
  options?: { [key: string]: unknown };
}) {
  const { id: param0, ...queryParams } = params;

  return request<
    API.Response & {
      data?: API.AdminResetRet;
    }
  >(`/admin/admins/${param0}/reset`, {
    method: 'PATCH',
    params: { ...queryParams },
    ...(options || {}),
  });
}

/** 启用/禁用成员 PATCH /admin/admins/${param0}/toggle */
export async function adminAdminsIdToggleUsingPatch({
  params,
  body,
  options,
}: {
  // 叠加生成的Param类型 (非body参数openapi默认没有生成对象)
  params: API.adminAdminsIdToggleUsingPatchParams;
  body: API.AdminToggleArg;
  options?: { [key: string]: unknown };
}) {
  const { id: param0, ...queryParams } = params;

  return request<API.Response>(`/admin/admins/${param0}/toggle`, {
    method: 'PATCH',
    headers: {
      'Content-Type': 'application/json',
    },
    params: { ...queryParams },
    data: body,
    ...(options || {}),
  });
}

/** 成员全部数据 GET /admin/admins/all */
export async function adminAdminsAllUsingGet({
  options,
}: {
  options?: { [key: string]: unknown };
}) {
  return request<
    API.Response & {
      data?: API.Dict[];
    }
  >('/admin/admins/all', {
    method: 'GET',
    ...(options || {}),
  });
}

/** 测评分页列表 GET /admin/evaluations */
export async function adminEvaluationsUsingGet({
  params,
  options,
}: {
  // 叠加生成的Param类型 (非body参数openapi默认没有生成对象)
  params: API.adminEvaluationsUsingGetParams;
  options?: { [key: string]: unknown };
}) {
  return request<
    API.Response & {
      data?: API.EvaluationListRet;
    }
  >('/admin/evaluations', {
    method: 'GET',
    params: {
      ...params,
    },
    ...(options || {}),
  });
}

/** 测评创建 POST /admin/evaluations */
export async function adminEvaluationsUsingPost({
  body,
  options,
}: {
  body: API.EvaluationCreateArg;
  options?: { [key: string]: unknown };
}) {
  return request<
    API.Response & {
      data?: API.EvaluationCreateRet;
    }
  >('/admin/evaluations', {
    method: 'POST',
    headers: {
      'Content-Type': 'application/json',
    },
    data: body,
    ...(options || {}),
  });
}

/** 测评更新 PUT /admin/evaluations/${param0} */
export async function adminEvaluationsIdUsingPut({
  params,
  body,
  options,
}: {
  // 叠加生成的Param类型 (非body参数openapi默认没有生成对象)
  params: API.adminEvaluationsIdUsingPutParams;
  body: API.EvaluationUpdateArg;
  options?: { [key: string]: unknown };
}) {
  const { id: param0, ...queryParams } = params;

  return request<API.Response>(`/admin/evaluations/${param0}`, {
    method: 'PUT',
    headers: {
      'Content-Type': 'application/json',
    },
    params: { ...queryParams },
    data: body,
    ...(options || {}),
  });
}

/** 团测分析 GET /admin/evaluations/${param0}/data */
export async function adminEvaluationsIdDataUsingGet({
  params,
  options,
}: {
  // 叠加生成的Param类型 (非body参数openapi默认没有生成对象)
  params: API.adminEvaluationsIdDataUsingGetParams;
  options?: { [key: string]: unknown };
}) {
  const { id: param0, ...queryParams } = params;

  return request<
    API.Response & {
      data?: API.EvaluationData;
    }
  >(`/admin/evaluations/${param0}/data`, {
    method: 'GET',
    params: { ...queryParams },
    ...(options || {}),
  });
}

/** 测评全部数据 GET /admin/evaluations/all */
export async function adminEvaluationsAllUsingGet({
  options,
}: {
  options?: { [key: string]: unknown };
}) {
  return request<
    API.Response & {
      data?: API.Dict[];
    }
  >('/admin/evaluations/all', {
    method: 'GET',
    ...(options || {}),
  });
}

/** 测评报告分页列表 GET /admin/evaluations/reports */
export async function adminEvaluationsReportsUsingGet({
  params,
  options,
}: {
  // 叠加生成的Param类型 (非body参数openapi默认没有生成对象)
  params: API.adminEvaluationsReportsUsingGetParams;
  options?: { [key: string]: unknown };
}) {
  return request<
    API.Response & {
      data?: API.EvaluationReportListRet;
    }
  >('/admin/evaluations/reports', {
    method: 'GET',
    params: {
      ...params,
    },
    ...(options || {}),
  });
}

/** 查看测评报告数据 GET /admin/evaluations/reports/${param0}/data */
export async function adminEvaluationsReportsIdDataUsingGet({
  params,
  options,
}: {
  // 叠加生成的Param类型 (非body参数openapi默认没有生成对象)
  params: API.adminEvaluationsReportsIdDataUsingGetParams;
  options?: { [key: string]: unknown };
}) {
  const { id: param0, ...queryParams } = params;

  return request<
    API.Response & {
      data?: API.EvaluationReportData;
    }
  >(`/admin/evaluations/reports/${param0}/data`, {
    method: 'GET',
    params: { ...queryParams },
    ...(options || {}),
  });
}

/** 测评报告审核 PATCH /admin/evaluations/reports/${param0}/examine */
export async function adminEvaluationsReportsIdExamineUsingPatch({
  params,
  options,
}: {
  // 叠加生成的Param类型 (非body参数openapi默认没有生成对象)
  params: API.adminEvaluationsReportsIdExamineUsingPatchParams;
  options?: { [key: string]: unknown };
}) {
  const { id: param0, ...queryParams } = params;

  return request<API.Response>(`/admin/evaluations/reports/${param0}/examine`, {
    method: 'PATCH',
    params: { ...queryParams },
    ...(options || {}),
  });
}

/** 测评报告发送 PATCH /admin/evaluations/reports/${param0}/send */
export async function adminEvaluationsReportsIdSendUsingPatch({
  params,
  options,
}: {
  // 叠加生成的Param类型 (非body参数openapi默认没有生成对象)
  params: API.adminEvaluationsReportsIdSendUsingPatchParams;
  options?: { [key: string]: unknown };
}) {
  const { id: param0, ...queryParams } = params;

  return request<API.Response>(`/admin/evaluations/reports/${param0}/send`, {
    method: 'PATCH',
    params: { ...queryParams },
    ...(options || {}),
  });
}

/** 测评报告导出 GET /admin/evaluations/reports/export */
export async function adminEvaluationsReportsOpenApiExportUsingGet({
  params,
  options,
}: {
  // 叠加生成的Param类型 (非body参数openapi默认没有生成对象)
  params: API.adminEvaluationsReportsOpenApiExportUsingGetParams;
  options?: { [key: string]: unknown };
}) {
  return request<
    API.Response & {
      data?: API.EvaluationReportExportRet;
    }
  >('/admin/evaluations/reports/export', {
    method: 'GET',
    params: {
      ...params,
    },
    ...(options || {}),
  });
}

/** 获取当前登录账号信息 GET /admin/login */
export async function adminLoginUsingGet({
  options,
}: {
  options?: { [key: string]: unknown };
}) {
  return request<
    API.Response & {
      data?: API.AdminInfo;
    }
  >('/admin/login', {
    method: 'GET',
    ...(options || {}),
  });
}

/** 账号登入 POST /admin/login */
export async function adminLoginUsingPost({
  body,
  options,
}: {
  body: API.AdminLoginArg;
  options?: { [key: string]: unknown };
}) {
  return request<API.Response>('/admin/login', {
    method: 'POST',
    headers: {
      'Content-Type': 'application/json',
    },
    data: body,
    ...(options || {}),
  });
}

/** 账号登出 DELETE /admin/login */
export async function adminLoginUsingDelete({
  options,
}: {
  options?: { [key: string]: unknown };
}) {
  return request<API.Response>('/admin/login', {
    method: 'DELETE',
    ...(options || {}),
  });
}

/** 机构创建 POST /admin/organizations */
export async function adminOrganizationsUsingPost({
  body,
  options,
}: {
  body: API.OrganizationCreateArg;
  options?: { [key: string]: unknown };
}) {
  return request<
    API.Response & {
      data?: API.OrganizationCreateRet;
    }
  >('/admin/organizations', {
    method: 'POST',
    headers: {
      'Content-Type': 'application/json',
    },
    data: body,
    ...(options || {}),
  });
}

/** 机构详情 GET /admin/organizations/${param0} */
export async function adminOrganizationsIdUsingGet({
  params,
  options,
}: {
  // 叠加生成的Param类型 (非body参数openapi默认没有生成对象)
  params: API.adminOrganizationsIdUsingGetParams;
  options?: { [key: string]: unknown };
}) {
  const { id: param0, ...queryParams } = params;

  return request<
    API.Response & {
      data?: API.OrganizationInfo;
    }
  >(`/admin/organizations/${param0}`, {
    method: 'GET',
    params: { ...queryParams },
    ...(options || {}),
  });
}

/** 机构编辑 PUT /admin/organizations/${param0} */
export async function adminOrganizationsIdUsingPut({
  params,
  body,
  options,
}: {
  // 叠加生成的Param类型 (非body参数openapi默认没有生成对象)
  params: API.adminOrganizationsIdUsingPutParams;
  body: API.OrganizationUpdateArg;
  options?: { [key: string]: unknown };
}) {
  const { id: param0, ...queryParams } = params;

  return request<API.Response>(`/admin/organizations/${param0}`, {
    method: 'PUT',
    headers: {
      'Content-Type': 'application/json',
    },
    params: { ...queryParams },
    data: body,
    ...(options || {}),
  });
}

/** 机构移动 PATCH /admin/organizations/${param0}/move */
export async function adminOrganizationsIdMoveUsingPatch({
  params,
  body,
  options,
}: {
  // 叠加生成的Param类型 (非body参数openapi默认没有生成对象)
  params: API.adminOrganizationsIdMoveUsingPatchParams;
  body: API.OrganizationMoveArg;
  options?: { [key: string]: unknown };
}) {
  const { id: param0, ...queryParams } = params;

  return request<API.Response>(`/admin/organizations/${param0}/move`, {
    method: 'PATCH',
    headers: {
      'Content-Type': 'application/json',
    },
    params: { ...queryParams },
    data: body,
    ...(options || {}),
  });
}

/** 获取机构成员权限表 GET /admin/organizations/${param0}/permissions */
export async function adminOrganizationsIdPermissionsUsingGet({
  params,
  options,
}: {
  // 叠加生成的Param类型 (非body参数openapi默认没有生成对象)
  params: API.adminOrganizationsIdPermissionsUsingGetParams;
  options?: { [key: string]: unknown };
}) {
  const { id: param0, ...queryParams } = params;

  return request<
    API.Response & {
      data?: API.AdminPermission[];
    }
  >(`/admin/organizations/${param0}/permissions`, {
    method: 'GET',
    params: { ...queryParams },
    ...(options || {}),
  });
}

/** 启用/禁用机构 PATCH /admin/organizations/${param0}/toggle */
export async function adminOrganizationsIdToggleUsingPatch({
  params,
  body,
  options,
}: {
  // 叠加生成的Param类型 (非body参数openapi默认没有生成对象)
  params: API.adminOrganizationsIdToggleUsingPatchParams;
  body: API.OrganizationToggleArg;
  options?: { [key: string]: unknown };
}) {
  const { id: param0, ...queryParams } = params;

  return request<API.Response>(`/admin/organizations/${param0}/toggle`, {
    method: 'PATCH',
    headers: {
      'Content-Type': 'application/json',
    },
    params: { ...queryParams },
    data: body,
    ...(options || {}),
  });
}

/** 机构树形列表 GET /admin/organizations/all */
export async function adminOrganizationsAllUsingGet({
  options,
}: {
  options?: { [key: string]: unknown };
}) {
  return request<
    API.Response & {
      data?: API.OrganizationAllInfo[];
    }
  >('/admin/organizations/all', {
    method: 'GET',
    ...(options || {}),
  });
}

/** 量表分页列表 GET /admin/scales */
export async function adminScalesUsingGet({
  params,
  options,
}: {
  // 叠加生成的Param类型 (非body参数openapi默认没有生成对象)
  params: API.adminScalesUsingGetParams;
  options?: { [key: string]: unknown };
}) {
  return request<
    API.Response & {
      data?: API.ScaleListRet;
    }
  >('/admin/scales', {
    method: 'GET',
    params: {
      ...params,
    },
    ...(options || {}),
  });
}

/** 量表详情 GET /admin/scales/${param0} */
export async function adminScalesIdUsingGet({
  params,
  options,
}: {
  // 叠加生成的Param类型 (非body参数openapi默认没有生成对象)
  params: API.adminScalesIdUsingGetParams;
  options?: { [key: string]: unknown };
}) {
  const { id: param0, ...queryParams } = params;

  return request<
    API.Response & {
      data?: API.ScaleInst;
    }
  >(`/admin/scales/${param0}`, {
    method: 'GET',
    params: { ...queryParams },
    ...(options || {}),
  });
}

/** 启用/禁用量表 PATCH /admin/scales/${param0}/toggle */
export async function adminScalesIdToggleUsingPatch({
  params,
  body,
  options,
}: {
  // 叠加生成的Param类型 (非body参数openapi默认没有生成对象)
  params: API.adminScalesIdToggleUsingPatchParams;
  body: API.ScaleToggleArg;
  options?: { [key: string]: unknown };
}) {
  const { id: param0, ...queryParams } = params;

  return request<API.Response>(`/admin/scales/${param0}/toggle`, {
    method: 'PATCH',
    headers: {
      'Content-Type': 'application/json',
    },
    params: { ...queryParams },
    data: body,
    ...(options || {}),
  });
}

/** 量表全部数据 GET /admin/scales/all */
export async function adminScalesAllUsingGet({
  options,
}: {
  options?: { [key: string]: unknown };
}) {
  return request<
    API.Response & {
      data?: API.Dict[];
    }
  >('/admin/scales/all', {
    method: 'GET',
    ...(options || {}),
  });
}

/** 通过excel导入量表 POST /admin/scales/import */
export async function adminScalesOpenApiImportUsingPost({
  body,
  options,
}: {
  body: API.ScaleImportArg;
  options?: { [key: string]: unknown };
}) {
  return request<
    API.Response & {
      data?: API.ScaleImportRet;
    }
  >('/admin/scales/import', {
    method: 'POST',
    headers: {
      'Content-Type': 'application/json',
    },
    data: body,
    ...(options || {}),
  });
}

/** 量表预览 GET /admin/scales/preview */
export async function adminScalesPreviewUsingGet({
  body,
  options,
}: {
  body: API.ScaleImportArg;
  options?: { [key: string]: unknown };
}) {
  return request<
    API.Response & {
      data?: API.ScaleInst;
    }
  >('/admin/scales/preview', {
    method: 'GET',
    headers: {
      'Content-Type': 'application/json',
    },
    data: body,
    ...(options || {}),
  });
}

/** 操作日志 GET /admin/systems/logs */
export async function adminSystemsLogsUsingGet({
  params,
  options,
}: {
  // 叠加生成的Param类型 (非body参数openapi默认没有生成对象)
  params: API.adminSystemsLogsUsingGetParams;
  options?: { [key: string]: unknown };
}) {
  return request<
    API.Response & {
      data?: API.AdminLogListRet;
    }
  >('/admin/systems/logs', {
    method: 'GET',
    params: {
      ...params,
    },
    ...(options || {}),
  });
}

/** 操作日志导出 GET /admin/systems/logs/export */
export async function adminSystemsLogsOpenApiExportUsingGet({
  params,
  options,
}: {
  // 叠加生成的Param类型 (非body参数openapi默认没有生成对象)
  params: API.adminSystemsLogsOpenApiExportUsingGetParams;
  options?: { [key: string]: unknown };
}) {
  return request<
    API.Response & {
      data?: API.AdminLogExportRet;
    }
  >('/admin/systems/logs/export', {
    method: 'GET',
    params: {
      ...params,
    },
    ...(options || {}),
  });
}

/** 数据大屏 GET /admin/systems/screen/data */
export async function adminSystemsScreenDataUsingGet({
  options,
}: {
  options?: { [key: string]: unknown };
}) {
  return request<
    API.Response & {
      data?: API.SystemScreenData;
    }
  >('/admin/systems/screen/data', {
    method: 'GET',
    ...(options || {}),
  });
}

/** 用户分页列表 GET /admin/users */
export async function adminUsersUsingGet({
  params,
  options,
}: {
  // 叠加生成的Param类型 (非body参数openapi默认没有生成对象)
  params: API.adminUsersUsingGetParams;
  options?: { [key: string]: unknown };
}) {
  return request<
    API.Response & {
      data?: API.UserListRet;
    }
  >('/admin/users', {
    method: 'GET',
    params: {
      ...params,
    },
    ...(options || {}),
  });
}

/** 启用/禁用用户 PATCH /admin/users/${param0}/toggle */
export async function adminUsersIdToggleUsingPatch({
  params,
  body,
  options,
}: {
  // 叠加生成的Param类型 (非body参数openapi默认没有生成对象)
  params: API.adminUsersIdToggleUsingPatchParams;
  body: API.UserToggleArg;
  options?: { [key: string]: unknown };
}) {
  const { id: param0, ...queryParams } = params;

  return request<API.Response>(`/admin/users/${param0}/toggle`, {
    method: 'PATCH',
    headers: {
      'Content-Type': 'application/json',
    },
    params: { ...queryParams },
    data: body,
    ...(options || {}),
  });
}

/** 信息表分页列表 GET /admin/users/sheets */
export async function adminUsersSheetsUsingGet({
  params,
  options,
}: {
  // 叠加生成的Param类型 (非body参数openapi默认没有生成对象)
  params: API.adminUsersSheetsUsingGetParams;
  options?: { [key: string]: unknown };
}) {
  return request<
    API.Response & {
      data?: API.UserSheetListRet;
    }
  >('/admin/users/sheets', {
    method: 'GET',
    params: {
      ...params,
    },
    ...(options || {}),
  });
}

/** 信息表创建 POST /admin/users/sheets */
export async function adminUsersSheetsUsingPost({
  body,
  options,
}: {
  body: API.UserSheetCreateArg;
  options?: { [key: string]: unknown };
}) {
  return request<
    API.Response & {
      data?: API.UserSheetCreateRet;
    }
  >('/admin/users/sheets', {
    method: 'POST',
    headers: {
      'Content-Type': 'application/json',
    },
    data: body,
    ...(options || {}),
  });
}

/** 信息表更新 PUT /admin/users/sheets/${param0} */
export async function adminUsersSheetsIdUsingPut({
  params,
  body,
  options,
}: {
  // 叠加生成的Param类型 (非body参数openapi默认没有生成对象)
  params: API.adminUsersSheetsIdUsingPutParams;
  body: API.UserSheetUpdateArg;
  options?: { [key: string]: unknown };
}) {
  const { id: param0, ...queryParams } = params;

  return request<API.Response>(`/admin/users/sheets/${param0}`, {
    method: 'PUT',
    headers: {
      'Content-Type': 'application/json',
    },
    params: { ...queryParams },
    data: body,
    ...(options || {}),
  });
}

/** 启用/禁用信息表 PATCH /admin/users/sheets/${param0}/toggle */
export async function adminUsersSheetsIdToggleUsingPatch({
  params,
  body,
  options,
}: {
  // 叠加生成的Param类型 (非body参数openapi默认没有生成对象)
  params: API.adminUsersSheetsIdToggleUsingPatchParams;
  body: API.UserSheetToggleArg;
  options?: { [key: string]: unknown };
}) {
  const { id: param0, ...queryParams } = params;

  return request<API.Response>(`/admin/users/sheets/${param0}/toggle`, {
    method: 'PATCH',
    headers: {
      'Content-Type': 'application/json',
    },
    params: { ...queryParams },
    data: body,
    ...(options || {}),
  });
}

/** 信息表全部数据 GET /admin/users/sheets/all */
export async function adminUsersSheetsAllUsingGet({
  options,
}: {
  options?: { [key: string]: unknown };
}) {
  return request<
    API.Response & {
      data?: API.Dict[];
    }
  >('/admin/users/sheets/all', {
    method: 'GET',
    ...(options || {}),
  });
}

/** 获取地区数据 GET /admin/utils/areas */
export async function adminUtilsAreasUsingGet({
  options,
}: {
  options?: { [key: string]: unknown };
}) {
  return request<
    API.Response & {
      data?: API.Area[];
    }
  >('/admin/utils/areas', {
    method: 'GET',
    ...(options || {}),
  });
}

/** 获取字典数据 GET /admin/utils/data */
export async function adminUtilsDataUsingGet({
  options,
}: {
  options?: { [key: string]: unknown };
}) {
  return request<
    API.Response & {
      data?: API.UtilDataAdminRet;
    }
  >('/admin/utils/data', {
    method: 'GET',
    ...(options || {}),
  });
}

/** 上传文件 POST /admin/utils/uploads */
export async function adminUtilsUploadsUsingPost({
  body,
  file,
  options,
}: {
  body: API.AdminUtilsUploadsUsingPostBody;
  file?: File;
  options?: { [key: string]: unknown };
}) {
  const formData = new FormData();

  if (file) {
    formData.append('file', file);
  }

  Object.keys(body).forEach((ele) => {
    const item = (body as { [key: string]: any })[ele];

    if (item !== undefined && item !== null) {
      if (typeof item === 'object' && !(item instanceof File)) {
        if (item instanceof Array) {
          item.forEach((f) => formData.append(ele, f || ''));
        } else {
          formData.append(ele, JSON.stringify(item));
        }
      } else {
        formData.append(ele, item);
      }
    }
  });

  return request<
    API.Response & {
      data?: API.UploadRet;
    }
  >('/admin/utils/uploads', {
    method: 'POST',
    headers: {
      'Content-Type': 'multipart/form-data',
    },
    data: formData,
    ...(options || {}),
  });
}

/** 获取测评数据 GET /user/evaluations/${param0} */
export async function userEvaluationsIdUsingGet({
  params,
  options,
}: {
  // 叠加生成的Param类型 (非body参数openapi默认没有生成对象)
  params: API.userEvaluationsIdUsingGetParams;
  options?: { [key: string]: unknown };
}) {
  const { id: param0, ...queryParams } = params;

  return request<
    API.Response & {
      data?: API.EvaluationInfo;
    }
  >(`/user/evaluations/${param0}`, {
    method: 'GET',
    params: { ...queryParams },
    ...(options || {}),
  });
}

/** 提交测评报告 POST /user/evaluations/${param0}/reports */
export async function userEvaluationsIdReportsUsingPost({
  params,
  body,
  options,
}: {
  // 叠加生成的Param类型 (非body参数openapi默认没有生成对象)
  params: API.userEvaluationsIdReportsUsingPostParams;
  body: API.EvaluationReportCreateArg;
  options?: { [key: string]: unknown };
}) {
  const { id: param0, ...queryParams } = params;

  return request<
    API.Response & {
      data?: API.EvaluationReportCreateRet;
    }
  >(`/user/evaluations/${param0}/reports`, {
    method: 'POST',
    headers: {
      'Content-Type': 'application/json',
    },
    params: { ...queryParams },
    data: body,
    ...(options || {}),
  });
}

/** 测评报告分页列表 GET /user/evaluations/reports */
export async function userEvaluationsReportsUsingGet({
  params,
  options,
}: {
  // 叠加生成的Param类型 (非body参数openapi默认没有生成对象)
  params: API.userEvaluationsReportsUsingGetParams;
  options?: { [key: string]: unknown };
}) {
  return request<
    API.Response & {
      data?: API.EvaluationReportUserListRet;
    }
  >('/user/evaluations/reports', {
    method: 'GET',
    params: {
      ...params,
    },
    ...(options || {}),
  });
}

/** 查看测评报告数据 GET /user/evaluations/reports/${param0} */
export async function userEvaluationsReportsIdUsingGet({
  params,
  options,
}: {
  // 叠加生成的Param类型 (非body参数openapi默认没有生成对象)
  params: API.userEvaluationsReportsIdUsingGetParams;
  options?: { [key: string]: unknown };
}) {
  const { id: param0, ...queryParams } = params;

  return request<
    API.Response & {
      data?: API.EvaluationReportData;
    }
  >(`/user/evaluations/reports/${param0}`, {
    method: 'GET',
    params: { ...queryParams },
    ...(options || {}),
  });
}

/** 账号登入 POST /user/login */
export async function userLoginUsingPost({
  body,
  options,
}: {
  body: API.UserLoginArg;
  options?: { [key: string]: unknown };
}) {
  return request<
    API.Response & {
      data?: API.UserLoginRet;
    }
  >('/user/login', {
    method: 'POST',
    headers: {
      'Content-Type': 'application/json',
    },
    data: body,
    ...(options || {}),
  });
}

/** 发送验证短信 POST /user/login/verify */
export async function userLoginVerifyUsingPost({
  body,
  options,
}: {
  body: API.UserVerifyArg;
  options?: { [key: string]: unknown };
}) {
  return request<
    API.Response & {
      data?: API.UserVerifyRet;
    }
  >('/user/login/verify', {
    method: 'POST',
    headers: {
      'Content-Type': 'application/json',
    },
    data: body,
    ...(options || {}),
  });
}

/** 获取资料 GET /user/profile */
export async function userProfileUsingGet({
  options,
}: {
  options?: { [key: string]: unknown };
}) {
  return request<
    API.Response & {
      data?: API.UserInfo;
    }
  >('/user/profile', {
    method: 'GET',
    ...(options || {}),
  });
}

/** 更新资料 PUT /user/profile */
export async function userProfileUsingPut({
  body,
  options,
}: {
  body: API.UserUpdateArg;
  options?: { [key: string]: unknown };
}) {
  return request<API.Response>('/user/profile', {
    method: 'PUT',
    headers: {
      'Content-Type': 'application/json',
    },
    data: body,
    ...(options || {}),
  });
}

/** 获取字典数据 GET /user/utils/data */
export async function userUtilsDataUsingGet({
  options,
}: {
  options?: { [key: string]: unknown };
}) {
  return request<
    API.Response & {
      data?: API.UtilDataUserRet;
    }
  >('/user/utils/data', {
    method: 'GET',
    ...(options || {}),
  });
}
/* eslint-disable */
// @ts-ignore

export type adminAdminsIdPermissionsUsingPatchParams = {
  /** 成员id */
  id: string;
};

export type adminAdminsIdResetUsingPatchParams = {
  /** 成员id */
  id: string;
};

export type adminAdminsIdToggleUsingPatchParams = {
  /** 成员id */
  id: string;
};

export type adminAdminsIdUsingGetParams = {
  /** 成员id */
  id: string;
};

export type adminAdminsIdUsingPutParams = {
  /** 成员id */
  id: string;
};

export type adminAdminsUsingGetParams = {
  /** 创建时间范围 */
  created_at?: string;
  /** 机构id */
  organization_id?: string;
  /** 页码 */
  page?: number;
  /** 分页大小 */
  page_size?: number;
  /** 成员角色 */
  role?: string;
  /** 手机号、姓名 */
  search?: string;
};

export type AdminCreateArg = {
  /** 成员姓名 */
  name?: string;
  /** 成员手机号 */
  number?: string;
  /** 成员所属机构 */
  organization_id?: string;
  /** 成员角色 */
  role?: string;
};

export type AdminCreateRet = {
  id?: string;
  password?: string;
};

export type adminEvaluationsIdDataUsingGetParams = {
  /** 测评id */
  id: string;
};

export type adminEvaluationsIdUsingPutParams = {
  /** 测评id */
  id: string;
};

export type adminEvaluationsReportsIdDataUsingGetParams = {
  /** 报告id */
  id: string;
};

export type adminEvaluationsReportsIdExamineUsingPatchParams = {
  /** 报告id */
  id: string;
};

export type adminEvaluationsReportsIdSendUsingPatchParams = {
  /** 报告id */
  id: string;
};

export type adminEvaluationsReportsOpenApiExportUsingGetParams = {
  /** 测评时间范围 */
  created_at?: string;
  /** 测评id */
  evaluation_id?: string;
  /** 健康等级 */
  health_level?: string;
  /** 机构id */
  organization_id?: string;
  /** 量表id */
  scale_id?: string;
  /** 姓名、手机号 */
  search?: string;
  /** 预警等级 */
  warning_level?: string;
};

export type adminEvaluationsReportsUsingGetParams = {
  /** 测评时间范围 */
  created_at?: string;
  /** 测评id */
  evaluation_id?: string;
  /** 健康等级 */
  health_level?: string;
  /** 机构id */
  organization_id?: string;
  /** 页码 */
  page?: number;
  /** 分页大小 */
  page_size?: number;
  /** 量表id */
  scale_id?: string;
  /** 姓名、手机号 */
  search?: string;
  /** 预警等级 */
  warning_level?: string;
};

export type adminEvaluationsUsingGetParams = {
  /** 创建时间范围 */
  created_at?: string;
  /** 测评名称 */
  name?: string;
  /** 机构id */
  organization_id?: string;
  /** 页码 */
  page?: number;
  /** 分页大小 */
  page_size?: number;
  /** 类别 */
  user_type?: string;
};

export type AdminInfo = {
  created_at?: string;
  enabled?: boolean;
  id?: string;
  name?: string;
  number?: string;
  organization?: OrganizationInfo;
  organization_id?: string;
  permissions?: string[];
  role?: string;
  role_value?: string;
  updated_at?: string;
  visited_at?: string;
};

export type AdminListRet = {
  list?: AdminListRow[];
  page?: Page;
};

export type AdminListRow = {
  created_at?: string;
  enabled?: boolean;
  id?: string;
  name?: string;
  number?: string;
  organization_id?: string;
  organization_name?: string;
  role?: string;
  role_value?: string;
  updated_at?: string;
  visited_at?: string;
};

export type AdminLogExportRet = {
  excel_url?: string;
};

export type AdminLoginArg = {
  /** 手机号 */
  number?: string;
  /** 密码 */
  password?: string;
};

export type AdminLogListRet = {
  list?: AdminLogListRow[];
  page?: Page;
};

export type AdminLogListRow = {
  action?: string;
  action_value?: string;
  created_at?: string;
  detail?: string;
  id?: string;
  module?: string;
  module_value?: string;
  name?: string;
  organization_name?: string;
  role?: string;
  role_value?: string;
  updated_at?: string;
};

export type AdminLogModuleDict = {
  actions?: Dict[];
  hidden?: boolean;
  key?: string;
  value?: string;
};

export type adminOrganizationsIdMoveUsingPatchParams = {
  /** 机构id */
  id: string;
};

export type adminOrganizationsIdPermissionsUsingGetParams = {
  /** 机构id */
  id: string;
};

export type adminOrganizationsIdToggleUsingPatchParams = {
  /** 机构id */
  id: string;
};

export type adminOrganizationsIdUsingGetParams = {
  /** 机构id */
  id: string;
};

export type adminOrganizationsIdUsingPutParams = {
  /** 机构id */
  id: string;
};

export type AdminPermission = {
  cate?: string;
  permissions?: Dict[];
};

export type AdminResetRet = {
  id?: string;
  password?: string;
};

export type adminScalesIdToggleUsingPatchParams = {
  /** 量表id */
  id: string;
};

export type adminScalesIdUsingGetParams = {
  /** 量表id */
  id: string;
};

export type adminScalesUsingGetParams = {
  /** 创建时间范围 */
  created_at?: string;
  /** 量表名称 */
  name?: string;
  /** 页码 */
  page?: number;
  /** 分页大小 */
  page_size?: number;
  /** 量表分类 */
  type?: string;
};

export type AdminSetPermissionsArg = {
  /** 成员权限 */
  permissions?: string[];
  /** 成员角色 */
  role?: string;
};

export type adminSystemsLogsOpenApiExportUsingGetParams = {
  /** 操作行为 */
  action?: string;
  /** 操作时间范围 */
  created_at?: string;
  /** 操作类型 */
  module?: string;
  /** 管理员姓名 */
  name?: string;
  /** 机构id */
  organization_id?: string;
};

export type adminSystemsLogsUsingGetParams = {
  /** 操作行为 */
  action?: string;
  /** 操作时间范围 */
  created_at?: string;
  /** 操作类型 */
  module?: string;
  /** 管理员姓名 */
  name?: string;
  /** 机构id */
  organization_id?: string;
  /** 页码 */
  page?: number;
  /** 分页大小 */
  page_size?: number;
};

export type AdminToggleArg = {
  /** 成员状态 */
  enabled?: boolean;
};

export type AdminUpdateArg = {
  /** 成员姓名 */
  name?: string;
  /** 成员手机号 */
  number?: string;
};

export type adminUsersIdToggleUsingPatchParams = {
  /** 用户id */
  id: string;
};

export type adminUsersSheetsIdToggleUsingPatchParams = {
  /** 信息表id */
  id: string;
};

export type adminUsersSheetsIdUsingPutParams = {
  /** 信息表id */
  id: string;
};

export type adminUsersSheetsUsingGetParams = {
  /** 上传时间范围 */
  created_at?: string;
  /** 信息表名称 */
  name?: string;
  /** 机构id */
  organization_id?: string;
  /** 页码 */
  page?: number;
  /** 分页大小 */
  page_size?: number;
  /** 类别 */
  type?: string;
};

export type adminUsersUsingGetParams = {
  /** 年龄范围 */
  age?: string;
  /** 性别 */
  gender?: string;
  /** 机构id */
  organization_id?: string;
  /** 页码 */
  page?: number;
  /** 分页大小 */
  page_size?: number;
  /** 手机号、姓名 */
  search?: string;
};

export type AdminUtilsUploadsUsingPostBody = {
  /** 文件类型 */
  type: 'excel';
  /** 文件内容 */
  file: string;
};

export type Area = {
  children?: Areas;
  id?: string;
  name?: string;
  pid?: string;
  type?: string;
};

export type Areas = Area[];

export type Dict = {
  hidden?: boolean;
  key?: string;
  value?: string;
};

export type EvaluationCreateArg = {
  /** 自动发送报告 */
  auto_send?: boolean;
  /** 结束时间 */
  ended_at?: string;
  /** 计划答题次数 */
  limit?: number;
  /** 单用户答题次数 */
  limit_each?: number;
  /** 测评名称 */
  name?: string;
  /** 量表id */
  scale_id?: string;
  /** 开始时间 */
  started_at?: string;
  /** 用户信息表id */
  user_sheet_id?: string;
  /** 报告查看权限 */
  visible_admins?: string[];
};

export type EvaluationCreateRet = {
  id?: string;
};

export type EvaluationData = {
  age?: EvaluationDataRow[];
  department?: EvaluationDataRow[];
  education?: EvaluationDataRow[];
  enterprise?: EvaluationDataRow[];
  gender?: EvaluationDataRow[];
  marriage?: EvaluationDataRow[];
};

export type EvaluationDataRow = {
  high?: number;
  low?: number;
  medium?: number;
  name?: string;
  total?: number;
};

export type EvaluationInfo = {
  auto_send?: boolean;
  created_at?: string;
  ended_at?: string;
  id?: string;
  limit?: number;
  limit_each?: number;
  name?: string;
  organization_id?: string;
  report_disabled_reason?: string;
  report_enabled?: boolean;
  scale?: ScaleInst;
  scale_id?: string;
  started_at?: string;
  updated_at?: string;
  user_sheet_id?: string;
  visible_admins?: string[];
};

export type EvaluationListRet = {
  list?: EvaluationListRow[];
  page?: Page;
};

export type EvaluationListRow = {
  auto_send?: boolean;
  created_at?: string;
  ended_at?: string;
  id?: string;
  limit?: number;
  limit_each?: number;
  name?: string;
  organization_id?: string;
  organization_name?: string;
  scale_id?: string;
  scale_name?: string;
  started_at?: string;
  updated_at?: string;
  user_sheet_id?: string;
  user_sheet_name?: string;
  visible_admins?: string[];
};

export type EvaluationReportCreateArg = {
  /** 用户选择结果 */
  choices?: Record<string, unknown>;
  /** 操作时长(s) */
  duration?: number;
};

export type EvaluationReportCreateRet = {
  report_id?: string;
};

export type EvaluationReportData = {
  choices?: ScaleUserResultChoice[];
  created_at?: string;
  evaluation_id?: string;
  evaluation_name?: string;
  examined_at?: string;
  examiner_id?: string;
  examiner_name?: string;
  id?: string;
  result?: ScaleUserResult;
  sent_at?: string;
  updated_at?: string;
  user?: UserInfo;
};

export type EvaluationReportExportRet = {
  excel_url?: string;
};

export type EvaluationReportListRet = {
  list?: EvaluationReportListRow[];
  page?: Page;
};

export type EvaluationReportListRow = {
  created_at?: string;
  duration?: number;
  duration_format?: string;
  evaluation_id?: string;
  evaluation_name?: string;
  examined_at?: string;
  examiner_id?: string;
  examiner_name?: string;
  health_level?: string;
  health_level_value?: string;
  id?: string;
  organization_id?: string;
  organization_name?: string;
  results?: string[];
  scale_id?: string;
  scale_name?: string;
  sent_at?: string;
  updated_at?: string;
  user_enterprise?: string;
  user_gender?: string;
  user_id?: string;
  user_name?: string;
  user_number?: string;
  user_sheet_id?: string;
  user_sheet_name?: string;
  warning_level?: string;
  warning_level_value?: string;
};

export type EvaluationReportUserListRet = {
  list?: EvaluationReportUserListRow[];
  page?: Page;
};

export type EvaluationReportUserListRow = {
  created_at?: string;
  evaluation_id?: string;
  evaluation_name?: string;
  examined_at?: string;
  id?: string;
  results?: string[];
  scale_id?: string;
  scale_name?: string;
  updated_at?: string;
};

export type EvaluationUpdateArg = {
  /** 自动发送报告 */
  auto_send?: boolean;
  /** 结束时间 */
  ended_at?: string;
  /** 计划答题次数 */
  limit?: number;
  /** 开始时间 */
  started_at?: string;
  /** 报告查看权限 */
  visible_admins?: string[];
};

export type OrganizationAllInfo = {
  children?: OrganizationAllRet;
  enabled?: boolean;
  id?: string;
  level?: number;
  name?: string;
  pid?: string;
  type?: string;
};

export type OrganizationAllRet = OrganizationAllInfo[];

export type OrganizationCreateArg = {
  /** 机构地址 */
  address?: string;
  /** 负责人姓名 */
  admin_name?: string;
  /** 负责人手机号 */
  admin_number?: string;
  /** 机构地区 */
  area?: string[];
  /** 开通模块 */
  modules?: string[];
  /** 机构名称 */
  name?: string;
  /** 上级机构id */
  pid?: string;
  /** 机构类别 */
  type?: string;
};

export type OrganizationCreateRet = {
  admin?: AdminCreateRet;
  id?: string;
};

export type OrganizationInfo = {
  address?: string;
  area?: string[];
  created_at?: string;
  enabled?: boolean;
  id?: string;
  level?: number;
  modules?: string[];
  name?: string;
  pid?: string;
  super_admin?: AdminInfo;
  type?: string;
  type_value?: string;
  updated_at?: string;
};

export type OrganizationMoveArg = {
  /** 上级机构id */
  pid?: string;
};

export type OrganizationToggleArg = {
  /** 机构状态 */
  enabled?: boolean;
};

export type OrganizationUpdateArg = {
  /** 机构地址 */
  address?: string;
  /** 机构地区 */
  area?: string[];
  /** 开通模块 */
  modules?: string[];
  /** 机构名称 */
  name?: string;
  /** 机构类别 */
  type?: string;
};

export type Page = {
  current?: number;
  max?: number;
  rows?: number;
  size?: number;
};

export type Response = {
  code?: number;
  data?: Record<string, unknown>;
  msg?: string;
};

export type ScaleImportArg = {
  /** excel文件id */
  excel?: string;
};

export type ScaleImportRet = {
  id?: string;
};

export type ScaleInst = {
  age?: string;
  created_at?: string;
  deleted_at?: string;
  dimensions?: ScaleInstDimension[];
  gender?: string;
  guide?: string;
  healths?: ScaleInstWarning[];
  id?: string;
  introduce?: string;
  maps?: ScaleInstMap[];
  name?: string;
  norms?: ScaleInstNorm[];
  questions?: ScaleInstQuestion[];
  source?: string;
  title?: string;
  type?: string;
  type_value?: string;
  version?: number;
  warnings?: ScaleInstWarning[];
};

export type ScaleInstDimension = {
  display?: boolean;
  formula?: string;
  id?: string;
  method?: string;
  name?: string;
  results?: ScaleInstResult[];
};

export type ScaleInstMap = {
  age?: string;
  dimension_name?: string;
  gender?: string;
  standard?: number[];
};

export type ScaleInstNorm = {
  age?: string;
  average?: number;
  dimension_name?: string;
  gender?: string;
  standard?: number;
};

export type ScaleInstOption = {
  number?: number;
  option?: string;
  score?: number;
};

export type ScaleInstQuestion = {
  number?: number;
  options?: ScaleInstOption[];
  question?: string;
};

export type ScaleInstResult = {
  age?: string;
  explain?: string;
  gender?: string;
  id?: string;
  name?: string;
  score?: string;
  suggest?: string;
};

export type ScaleInstWarning = {
  dimension_name?: string;
  level?: string;
  result_name?: string;
};

export type ScaleListRet = {
  list?: ScaleListRow[];
  page?: Page;
};

export type ScaleListRow = {
  created_at?: string;
  enabled?: boolean;
  id?: string;
  name?: string;
  questions?: number;
  title?: string;
  type?: string;
  type_value?: string;
  updated_at?: string;
};

export type ScaleToggleArg = {
  /** 量表状态 */
  enabled?: boolean;
};

export type ScaleUserDimension = {
  display?: boolean;
  explain?: string;
  id?: string;
  name?: string;
  result?: string;
  result_id?: string;
  score?: number;
  suggest?: string;
};

export type ScaleUserResult = {
  dimensions?: ScaleUserDimension[];
  health_level?: string;
  health_level_value?: string;
  warning_level?: string;
  warning_level_value?: string;
};

export type ScaleUserResultChoice = {
  option?: string;
  option_number?: number;
  option_score?: number;
  question?: string;
  question_number?: number;
};

export type SystemScreenData = {
  area_count?: Record<string, number>;
  group_count?: number;
  health_high_count?: number;
  health_low_count?: number;
  health_medium_count?: number;
  organization_count?: SystemScreenDataCountRow[];
  personal_count?: number;
  scale_count?: SystemScreenDataCountRow[];
  total_count?: number;
  user_age_count?: SystemScreenDataRow[];
  user_education_count?: SystemScreenDataRow[];
  user_gender_count?: SystemScreenDataRow[];
  user_type_count?: SystemScreenDataRow[];
  warning_high_count?: number;
  warning_list?: SystemScreenDataWarningListRow[];
  warning_low_count?: number;
  warning_medium_count?: number;
};

export type SystemScreenDataCountRow = {
  count?: number;
  name?: string;
};

export type SystemScreenDataRow = {
  high?: number;
  low?: number;
  medium?: number;
  name?: string;
};

export type SystemScreenDataWarningListRow = {
  created_at?: string;
  user_name?: string;
  warning?: string;
};

export type UploadRet = {
  id?: string;
  size?: number;
  url?: string;
};

export type userEvaluationsIdReportsUsingPostParams = {
  /** 测评任务id */
  id: string;
};

export type userEvaluationsIdUsingGetParams = {
  /** 测评任务id */
  id: string;
};

export type userEvaluationsReportsIdUsingGetParams = {
  /** 测评报告id */
  id: string;
};

export type userEvaluationsReportsUsingGetParams = {
  /** 页码 */
  page?: number;
  /** 分页大小 */
  page_size?: number;
};

export type UserInfo = {
  address?: string;
  age?: number;
  birthday?: string;
  created_at?: string;
  department?: string;
  disease?: string;
  education?: string;
  education_value?: string;
  enter_year?: string;
  enterprise?: string;
  gender?: string;
  gender_value?: string;
  id?: string;
  marriage?: string;
  marriage_value?: string;
  name?: string;
  number?: string;
  type?: string;
  type_value?: string;
  updated_at?: string;
};

export type UserListRet = {
  list?: UserListRow[];
  page?: Page;
};

export type UserListRow = {
  age?: number;
  birthday?: string;
  created_at?: string;
  enabled?: boolean;
  gender?: string;
  gender_value?: string;
  id?: string;
  name?: string;
  number?: string;
  organization_id?: string;
  organization_name?: string;
  type?: string;
  type_value?: string;
  updated_at?: string;
};

export type UserLoginArg = {
  /** 验证码 */
  code?: string;
  /** 测评任务id */
  evaluation_id?: string;
  /** 手机号或学号 */
  number?: string;
};

export type UserLoginRet = {
  id?: string;
  new?: boolean;
};

export type UserSheetCreateArg = {
  /** 文件 */
  excel?: string;
  /** 信息表名称 */
  name?: string;
  /** 类别 */
  type?: string;
};

export type UserSheetCreateRet = {
  id?: string;
  size?: number;
};

export type UserSheetListRet = {
  list?: UserSheetListRow[];
  page?: Page;
};

export type UserSheetListRow = {
  created_at?: string;
  enabled?: boolean;
  excel?: string;
  excel_url?: string;
  id?: string;
  name?: string;
  organization_id?: string;
  organization_name?: string;
  size?: number;
  type?: string;
  type_value?: string;
  updated_at?: string;
};

export type UserSheetToggleArg = {
  enabled?: boolean;
};

export type UserSheetUpdateArg = {
  /** 文件 */
  excel?: string;
  /** 信息表名称 */
  name?: string;
  /** 类别 */
  type?: string;
};

export type UserToggleArg = {
  /** 用户状态 */
  enabled?: boolean;
};

export type UserUpdateArg = {
  /** 出生日期 */
  birthday?: string;
  /** 部门 */
  department?: string;
  /** 学历 */
  education?: string;
  /** 企业名称 */
  enterprise?: string;
  /** 性别 */
  gender?: string;
  /** 姓名 */
  name?: string;
  /** 用户类别 */
  type?: string;
};

export type UserVerifyArg = {
  /** 手机号 */
  number?: string;
};

export type UserVerifyRet = {
  duration?: number;
};

export type UtilDataAdminRet = {
  admin_log_modules?: AdminLogModuleDict[];
  admin_permissions?: AdminPermission[];
  admin_role_permissions?: Record<string, string[]>;
  admin_roles?: Dict[];
  organization_modules?: Dict[];
  organization_types?: Dict[];
  scale_health_levels?: Dict[];
  scale_methods?: Dict[];
  scale_types?: Dict[];
  scale_warning_levels?: Dict[];
  user_educations?: Dict[];
  user_genders?: Dict[];
  user_marriages?: Dict[];
  user_sheet_tpl?: Dict[];
  user_types?: Dict[];
};

export type UtilDataUserRet = {
  user_educations?: Dict[];
  user_genders?: Dict[];
  user_marriages?: Dict[];
  user_types?: Dict[];
};
