/* eslint-disable */
// @ts-ignore
import { request } from 'axios';

import * as API from './types';

/** 问诊订单详情 GET /org/inquiryOrder/detail https://apifox.com/web/project/5327748/apis/api-230226778-run */
export async function detailUsingGet({
  params,
  options,
}: {
  // 叠加生成的Param类型 (非body参数openapi默认没有生成对象)
  params: API.DetailUsingGetParams;
  options?: { [key: string]: unknown };
}) {
  return request<API.ResponseResultInquiryOrderDetailRes>(
    '/org/inquiryOrder/detail',
    {
      method: 'GET',
      params: {
        ...params,
      },
      ...(options || {}),
    }
  );
}

/** 问诊订单列表 POST /org/inquiryOrder/page https://apifox.com/web/project/5327748/apis/api-229742579-run */
export async function pageUsingPost({
  body,
  options,
}: {
  body: API.InquiryPageReq;
  options?: { [key: string]: unknown };
}) {
  return request<API.ResponseResultIPageInquiryPageRes>(
    '/org/inquiryOrder/page',
    {
      method: 'POST',
      headers: {
        'Content-Type': 'application/json',
      },
      data: body,
      ...(options || {}),
    }
  );
}
/* eslint-disable */
// @ts-ignore
import * as API from './types';

export function displayBusinessServiceEnum(field: API.BusinessServiceEnum) {
  return {
    EXPERT_CONSULTATION_TEXT: '专家问诊-图文',
    EXPERT_CONSULTATION_VIDEO: '专家问诊-视频',
    HEALTH_CONSULTATION_TEXT: '健康咨询-图文',
    HEALTH_CONSULTATION_VIDEO: '健康咨询-视频',
    SPECIALIZED_CONSULTATION_TEXT: '专科问诊-图文',
    SPECIALIZED_CONSULTATION_VIDEO: '专科问诊-视频',
  }[field];
}
/* eslint-disable */
// @ts-ignore
export * from './types';
export * from './displayEnumLabel';

export * from './dingdanguanli';
/* eslint-disable */
// @ts-ignore

export enum BusinessServiceEnum {
  'EXPERT_CONSULTATION_TEXT' = 'EXPERT_CONSULTATION_TEXT',
  'EXPERT_CONSULTATION_VIDEO' = 'EXPERT_CONSULTATION_VIDEO',
  'HEALTH_CONSULTATION_TEXT' = 'HEALTH_CONSULTATION_TEXT',
  'HEALTH_CONSULTATION_VIDEO' = 'HEALTH_CONSULTATION_VIDEO',
  'SPECIALIZED_CONSULTATION_TEXT' = 'SPECIALIZED_CONSULTATION_TEXT',
  'SPECIALIZED_CONSULTATION_VIDEO' = 'SPECIALIZED_CONSULTATION_VIDEO',
}

export type IBusinessServiceEnum = keyof typeof BusinessServiceEnum;

export type DetailUsingGetParams = {
  inquiryOrderId: string;
};

export type DetailUsingGetResponses = {
  200: ResponseResultInquiryOrderDetailRes;
};

export type ImVideoRecordDTO = {
  /** 主键 */
  id?: string;
  /** 业务id */
  bizId?: string;
  /** 房间号 */
  roomId?: string;
  /** 用户ID */
  userId?: string;
  /** 时长 */
  duration?: string;
  /** 录像地址 */
  videoUrl?: string;
  /** 回调参数 */
  callBackParams?: string;
  /** 开始时间 */
  startTime?: string;
  /** 结束时间 */
  endTime?: string;
  /** 添加时间 */
  addTime?: string;
  /** 更新时间 */
  modifyTime?: string;
};

export type InquiryChatMessageDTO = {
  /** 问诊id */
  inquiryOrderId?: string;
  /** im消息 */
  rspMsgItems?: RspMsgItem[];
};

export type InquiryOrderDetailRes = {
  id?: string;
  /** 订单编号 */
  orderNo?: string;
  /** 患者名称 */
  patientName?: string;
  /** 性别1 男 2女 0未知 */
  patientSex?: number;
  /** 年龄 */
  patientAge?: number;
  /** 患者手机号 */
  patientPhone?: string;
  /** 患者身份证号 */
  patientIdCard?: string;
  /** 机构id */
  orgId?: string;
  /** 机构名 */
  orgName?: string;
  /** 网院id */
  internetHospitalId?: string;
  /** 网院名称 */
  internetHospitalName?: string;
  /** 订单类型 */
  inquiryType?: string;
  /** 订单类型名称 */
  inquiryTypeName?: string;
  /** 问诊方式名称 */
  inquiryWayName?: string;
  /** 订单类型显示 */
  inquiryTypeDisplay?: string;
  /** 订单状态名称 */
  inquiryStatusName?: string;
  /** 支付金额 */
  payAmount?: number;
  /** 支付状态名称 */
  payStatusName?: string;
  /** 创建时间 */
  addTime?: string;
  /** 医生id */
  doctorId?: string;
  /** 用户id */
  userId?: string;
  /** 群聊id */
  groupImId?: string;
  /** 医生姓名 */
  doctorName?: string;
  /** 医生登录账号 */
  doctorPhone?: string;
  /** 科室code */
  doctorSectionCode?: string;
  /** 科室名称 */
  doctorSectionName?: string;
  /** 问诊记录 */
  inquiryChatMessageDTO?: InquiryChatMessageDTO;
  /** 视频记录 */
  imVideoRecordDTOs?: ImVideoRecordDTO[];
};

export type InquiryPageReq = {
  /** 当前页码 */
  pageIndex?: number;
  /** 每页显示的记录数 */
  pageSize?: number;
  /** 网院id */
  internetHospitalId?: string;
  /** 机构id */
  channelId: string;
  /** 订单编号 */
  orderNo?: string;
  /** 患者名称 */
  patientName?: string;
  /** 医生姓名 */
  doctorName?: string;
  /** 订单来源 */
  channelName?: string;
  /** 订单类型 */
  orderType?: string;
  /** 问诊状态(INIT:未开始/ WAIT_DISPATCH:待派单/WAIT_DIAGNOSIS:待接诊/DOCTOR_CANCELED:医生取消/PATIENT_CANCELED:患者取消/TIME_OUT_CANCELED:超时取消/TIME_OUT_WITHDRAWAL:超时未接诊/DEALING_DIAGNOSIS:问诊中/WITHDRAWAL:已退诊/ENDED:已结束) */
  inquiryStatus?: string;
  /** 支付状态(NO_PAID/无需支付/UNPAID/待支付/PAID/已支付/CANCEL_PAYMENT/已取消/TIME_OUT_CANCEL/超时未支付取消/REFUNDED/已退款 */
  payStatus?: string;
  /** 创建时间起始 */
  createTimeStart?: string;
  /** 创建时间结束 */
  createTimeEnd?: string;
  /** 业务服务 */
  businessService?:
    | 'EXPERT_CONSULTATION_TEXT'
    | 'EXPERT_CONSULTATION_VIDEO'
    | 'HEALTH_CONSULTATION_TEXT'
    | 'HEALTH_CONSULTATION_VIDEO'
    | 'SPECIALIZED_CONSULTATION_TEXT'
    | 'SPECIALIZED_CONSULTATION_VIDEO';
};

export type InquiryPageRes = {
  id?: string;
  /** 订单编号 */
  orderNo?: string;
  /** 机构id */
  orgId?: string;
  /** 机构名 */
  orgName?: string;
  /** 网院id */
  internetHospitalId?: string;
  /** 网院名称 */
  internetHospitalName?: string;
  /** 创建时间 */
  addTime?: string;
  /** 患者名称 */
  patientName?: string;
  /** 患者联系方式 */
  patientPhone?: string;
  /** 订单类型名称 */
  inquiryTypeName?: string;
  /** 问诊方式名称 */
  inquiryWayName?: string;
  /** 订单类型显示名称:订单类型-问诊方式 */
  inquiryTypeDisplay?: string;
  /** 订单状态名称 */
  inquiryStatusName?: string;
  /** 支付金额 */
  payAmount?: number;
  /** 支付状态名称 */
  payStatusName?: string;
  /** 医生id */
  doctorId?: string;
  /** 医生姓名 */
  doctorName?: string;
};

export type IPageInquiryPageRes = {
  records?: InquiryPageRes[];
  total?: number;
  size?: number;
  current?: number;
  orders?: OrderItem[];
  optimizeCountSql?: boolean;
  isSearchCount?: boolean;
  hitCount?: boolean;
  countId?: string;
  maxLimit?: number;
  searchCount?: boolean;
  /** 当前分页总页数 */
  pages?: number;
  ascs?: string[];
  asc?: string[];
  descs?: string[];
  desc?: string[];
};

export type Object = {};

export type OrderItem = {
  column?: string;
  asc?: boolean;
};

export type PageUsingPostResponses = {
  200: ResponseResultIPageInquiryPageRes;
};

export type ResponseResultInquiryOrderDetailRes = {
  code?: string;
  msg?: string;
  data?: InquiryOrderDetailRes;
};

export type ResponseResultIPageInquiryPageRes = {
  code?: string;
  msg?: string;
  data?: IPageInquiryPageRes;
};

export type RspMsgItem = {
  /** 消息的发送者 */
  From_Account?: string;
  /** 是否是空洞消息，当消息被删除或者消息过期后，MsgBody 为空，该字段为1，撤回的消息，该字段为2 */
  IsPlaceMsg?: number;
  /** 消息内容，详情请参见 消息内容 MsgBody 说明isSystemMsg == 1 消息类型 ObjectisSystemMsg == 0 消息类型 Array */
  MsgBody?: Object;
  /** 字段为 1 时表示系统消息 */
  IsSystemMsg?: number;
  /** 消息的优先级，用于消息去重，有客户端发消息时填写，如果没有填，服务端会自动生成，1表示 High 优先级消息，2表示 Normal 优先级消息，3表示 Low 优先级消息，4表示 Lowest 优先级消息 */
  MsgPriority?: number;
  /** 消息随机数，用于标记该条消息，数据范围 [0,4294967295] */
  MsgRandom?: number;
  /** 标识该条消息，可用于 撤回公众号消息 */
  MsgKey?: string;
  /** 消息序列号，用于标记该条消息，值越小发送的越早，数据范围 [0,4294967295] */
  MsgSeq?: number;
  /** 消息被发送的时间戳，server 的时间 */
  MsgTimeStamp?: number;
};
