/* eslint-disable */
// @ts-ignore
export * from './types';

export * from './user';
/* eslint-disable */
// @ts-ignore

export type StatusEnumArray = ('value1' | 'value2' | 'value3')[];

export type UserUsernameUsingDeleteParams = {
  /** The name that needs to be deleted */
  username: string;
  /** The status that needs to be deleted */
  status: StatusEnumArray;
};

export type UserUsernameUsingDeleteResponses = {
  /**
   * Invalid username supplied
   */
  400: unknown;
  /**
   * User not found
   */
  404: unknown;
};
/* eslint-disable */
// @ts-ignore
import { request } from 'axios';

import * as API from './types';

/** Delete user This can only be done by the logged in user. DELETE /user/${param0} */
export async function userUsernameUsingDelete({
  params,
  options,
}: {
  // 叠加生成的Param类型 (非body参数openapi默认没有生成对象)
  params: API.UserUsernameUsingDeleteParams;
  options?: { [key: string]: unknown };
}) {
  const { username: param0, ...queryParams } = params;

  return request<unknown>(`/user/${param0}`, {
    method: 'DELETE',
    params: {
      ...queryParams,
    },
    ...(options || {}),
  });
}
