/* eslint-disable */
// @ts-ignore
import * as API from './types';

export function displayGenderEnum(field: API.GenderEnum) {
  return { MALE: 'MALE', FEMALE: 'FEMALE', OTHER: 'OTHER' }[field];
}

export function displayMajorEnum(field: API.Major) {
  return {
    'COMPUTER SCIENCE': 'COMPUTER SCIENCE',
    MATHEMATICS: 'MATHEMATICS',
    PHYSICS: 'PHYSICS',
    LITERATURE: 'LITERATURE',
  }[field];
}
/* eslint-disable */
// @ts-ignore
export * from './types';
export * from './displayEnumLabel';

export * from './student';
/* eslint-disable */
// @ts-ignore
import request from 'axios';

import * as API from './types';

/**
 * Returns a student object
 * name: string
 * age: integer
 * gender: string
 * major: Major
 * GET /hello
 */
export function helloUsingGet({
  options,
}: {
  options?: { [key: string]: unknown };
}) {
  return request<API.Student>('/hello', {
    method: 'GET',
    ...(options || {}),
  });
}
/* eslint-disable */
// @ts-ignore

export enum GenderEnum {
  'MALE' = 'MALE',
  'FEMALE' = 'FEMALE',
  'OTHER' = 'OTHER',
}

export type IGenderEnum = keyof typeof GenderEnum;

export type HelloUsingGetResponses = {
  /**
   * A student object
   * name: string
   * age: integer
   * gender: string
   * major: Major
   */
  200: Student;
};

/**
 * Major enum
 * COMPUTER SCIENCE: Computer Science
 * MATHEMATICS: Mathematics
 * PHYSICS: Physics
 * LITERATURE: Literature
 */
export enum Major {
  'COMPUTER SCIENCE' = 'COMPUTER SCIENCE',
  'MATHEMATICS' = 'MATHEMATICS',
  'PHYSICS' = 'PHYSICS',
  'LITERATURE' = 'LITERATURE',
}

export type IMajor = keyof typeof Major;

export type Student = {
  name: string;
  age: number;
  gender: 'MALE' | 'FEMALE' | 'OTHER';
  /**
   * Major enum
   * COMPUTER SCIENCE: Computer Science
   * MATHEMATICS: Mathematics
   * PHYSICS: Physics
   * LITERATURE: Literature
   */
  major: Major;
};
