/* eslint-disable */
// @ts-ignore
export * from './types';

export * from './userY';
export * from './userX';
export * from './sysC';
export * from './sysB';
/* eslint-disable */
// @ts-ignore
import request from '../request';

import * as API from './types';

/** b1 GET /sys-b/b1 */
export async function sysBb1UsingGet({
  options,
}: {
  options?: { [key: string]: unknown };
}) {
  return request<string>('/sys-b/b1', {
    method: 'GET',
    ...(options || {}),
  });
}

/** b1/bb1 GET /sys-b/b1/bb1 */
export async function sysBb1Bb1UsingGet({
  options,
}: {
  options?: { [key: string]: unknown };
}) {
  return request<string>('/sys-b/b1/bb1', {
    method: 'GET',
    ...(options || {}),
  });
}

/** b1/bb1/bbb1 GET /sys-b/b1/bb1/bbb1 */
export async function sysBb1Bb1Bbb1UsingGet({
  options,
}: {
  options?: { [key: string]: unknown };
}) {
  return request<string>('/sys-b/b1/bb1/bbb1', {
    method: 'GET',
    ...(options || {}),
  });
}

/** b1/bb1/bbb1/bbbb1 GET /sys-b/b1/bb1/bbb1/bbbb1 */
export async function sysBb1Bb1Bbb1Bbbb1UsingGet({
  options,
}: {
  options?: { [key: string]: unknown };
}) {
  return request<string>('/sys-b/b1/bb1/bbb1/bbbb1', {
    method: 'GET',
    ...(options || {}),
  });
}
/* eslint-disable */
// @ts-ignore
import request from '../request';

import * as API from './types';

/** c1 GET /sys-c/c1 */
export async function sysCc1UsingGet({
  options,
}: {
  options?: { [key: string]: unknown };
}) {
  return request<string>('/sys-c/c1', {
    method: 'GET',
    ...(options || {}),
  });
}

/** c1/cc1 GET /sys-c/c1/cc1 */
export async function sysCc1Cc1UsingGet({
  options,
}: {
  options?: { [key: string]: unknown };
}) {
  return request<string>('/sys-c/c1/cc1', {
    method: 'GET',
    ...(options || {}),
  });
}

/** c1/cc1/ccc1 GET /sys-c/c1/cc1/ccc1 */
export async function sysCc1Cc1Ccc1UsingGet({
  options,
}: {
  options?: { [key: string]: unknown };
}) {
  return request<string>('/sys-c/c1/cc1/ccc1', {
    method: 'GET',
    ...(options || {}),
  });
}

/** c1/cc1/ccc1/cccc1 GET /sys-c/c1/cc1/ccc1/cccc1 */
export async function sysCc1Cc1Ccc1Cccc1UsingGet({
  options,
}: {
  options?: { [key: string]: unknown };
}) {
  return request<string>('/sys-c/c1/cc1/ccc1/cccc1', {
    method: 'GET',
    ...(options || {}),
  });
}
/* eslint-disable */
// @ts-ignore
export {};
/* eslint-disable */
// @ts-ignore
import request from '../request';

import * as API from './types';

/** x1 GET /user-x/x1 */
export async function userXx1UsingGet({
  options,
}: {
  options?: { [key: string]: unknown };
}) {
  return request<string>('/user-x/x1', {
    method: 'GET',
    ...(options || {}),
  });
}

/** x1/xx1 GET /user-x/x1/xx1 */
export async function userXx1Xx1UsingGet({
  options,
}: {
  options?: { [key: string]: unknown };
}) {
  return request<string>('/user-x/x1/xx1', {
    method: 'GET',
    ...(options || {}),
  });
}

/** x1/xx1/xxx1 GET /user-x/x1/xx1/xxx1 */
export async function userXx1Xx1Xxx1UsingGet({
  options,
}: {
  options?: { [key: string]: unknown };
}) {
  return request<string>('/user-x/x1/xx1/xxx1', {
    method: 'GET',
    ...(options || {}),
  });
}

/** x1/xx1/xxx1/xxxx1 GET /user-x/x1/xx1/xxx1/xxxx1 */
export async function userXx1Xx1Xxx1Xxxx1UsingGet({
  options,
}: {
  options?: { [key: string]: unknown };
}) {
  return request<string>('/user-x/x1/xx1/xxx1/xxxx1', {
    method: 'GET',
    ...(options || {}),
  });
}
/* eslint-disable */
// @ts-ignore
import request from '../request';

import * as API from './types';

/** y1 GET /user-y/y1 */
export async function userYy1UsingGet({
  options,
}: {
  options?: { [key: string]: unknown };
}) {
  return request<string>('/user-y/y1', {
    method: 'GET',
    ...(options || {}),
  });
}

/** y1/yy1 GET /user-y/y1/yy1 */
export async function userYy1Yy1UsingGet({
  options,
}: {
  options?: { [key: string]: unknown };
}) {
  return request<string>('/user-y/y1/yy1', {
    method: 'GET',
    ...(options || {}),
  });
}

/** y1/yy1/yyy1 GET /user-y/y1/yy1/yyy1 */
export async function userYy1Yy1Yyy1UsingGet({
  options,
}: {
  options?: { [key: string]: unknown };
}) {
  return request<string>('/user-y/y1/yy1/yyy1', {
    method: 'GET',
    ...(options || {}),
  });
}

/** y1/yy1/yyy1/yyyy1 GET /user-y/y1/yy1/yyy1/yyyy1 */
export async function userYy1Yy1Yyy1Yyyy1UsingGet({
  options,
}: {
  options?: { [key: string]: unknown };
}) {
  return request<string>('/user-y/y1/yy1/yyy1/yyyy1', {
    method: 'GET',
    ...(options || {}),
  });
}

/** y1/yy1/yyy1/yyyy1/yyyyy1 GET /user-y/y1/yy1/yyy1/yyyy1/yyyyy1 */
export async function userYy1Yy1Yyy1Yyyy1Yyyyy1UsingGet({
  options,
}: {
  options?: { [key: string]: unknown };
}) {
  return request<string>('/user-y/y1/yy1/yyy1/yyyy1/yyyyy1', {
    method: 'GET',
    ...(options || {}),
  });
}
