/* eslint-disable */
// @ts-ignore
export * from './types';

export * from './sysC';
export * from './sysB';
export * from './sysA';
/* eslint-disable */
// @ts-ignore
import request from '../request';

import * as API from './types';

/** a1 GET /sys-a/a1 */
export async function sysAa1UsingGet({
  options,
}: {
  options?: { [key: string]: unknown };
}) {
  return request<string>('/sys-a/a1', {
    method: 'GET',
    ...(options || {}),
  });
}

/** a1/aa1 GET /sys-a/a1/aa1 */
export async function sysAa1Aa1UsingGet({
  options,
}: {
  options?: { [key: string]: unknown };
}) {
  return request<string>('/sys-a/a1/aa1', {
    method: 'GET',
    ...(options || {}),
  });
}

/** a1/a1/aa1 GET /sys-a/a1/aa1/aaa1 */
export async function sysAa1Aa1Aaa1UsingGet({
  options,
}: {
  options?: { [key: string]: unknown };
}) {
  return request<string>('/sys-a/a1/aa1/aaa1', {
    method: 'GET',
    ...(options || {}),
  });
}

/** a1/a1/aa1/aaa1 GET /sys-a/a1/aa1/aaa1/aaaa1 */
export async function sysAa1Aa1Aaa1Aaaa1UsingGet({
  options,
}: {
  options?: { [key: string]: unknown };
}) {
  return request<string>('/sys-a/a1/aa1/aaa1/aaaa1', {
    method: 'GET',
    ...(options || {}),
  });
}
/* eslint-disable */
// @ts-ignore
import request from '../request';

import * as API from './types';

/** b1 GET /sys-b/b1 */
export async function sysBb1UsingGet({
  options,
}: {
  options?: { [key: string]: unknown };
}) {
  return request<string>('/sys-b/b1', {
    method: 'GET',
    ...(options || {}),
  });
}

/** b1/bb1 GET /sys-b/b1/bb1 */
export async function sysBb1Bb1UsingGet({
  options,
}: {
  options?: { [key: string]: unknown };
}) {
  return request<string>('/sys-b/b1/bb1', {
    method: 'GET',
    ...(options || {}),
  });
}

/** b1/bb1/bbb1 GET /sys-b/b1/bb1/bbb1 */
export async function sysBb1Bb1Bbb1UsingGet({
  options,
}: {
  options?: { [key: string]: unknown };
}) {
  return request<string>('/sys-b/b1/bb1/bbb1', {
    method: 'GET',
    ...(options || {}),
  });
}

/** b1/bb1/bbb1/bbbb1 GET /sys-b/b1/bb1/bbb1/bbbb1 */
export async function sysBb1Bb1Bbb1Bbbb1UsingGet({
  options,
}: {
  options?: { [key: string]: unknown };
}) {
  return request<string>('/sys-b/b1/bb1/bbb1/bbbb1', {
    method: 'GET',
    ...(options || {}),
  });
}
/* eslint-disable */
// @ts-ignore
import request from '../request';

import * as API from './types';

/** c1 GET /sys-c/c1 */
export async function sysCc1UsingGet({
  options,
}: {
  options?: { [key: string]: unknown };
}) {
  return request<string>('/sys-c/c1', {
    method: 'GET',
    ...(options || {}),
  });
}

/** c1/cc1 GET /sys-c/c1/cc1 */
export async function sysCc1Cc1UsingGet({
  options,
}: {
  options?: { [key: string]: unknown };
}) {
  return request<string>('/sys-c/c1/cc1', {
    method: 'GET',
    ...(options || {}),
  });
}

/** c1/cc1/ccc1 GET /sys-c/c1/cc1/ccc1 */
export async function sysCc1Cc1Ccc1UsingGet({
  options,
}: {
  options?: { [key: string]: unknown };
}) {
  return request<string>('/sys-c/c1/cc1/ccc1', {
    method: 'GET',
    ...(options || {}),
  });
}

/** c1/cc1/ccc1/cccc1 GET /sys-c/c1/cc1/ccc1/cccc1 */
export async function sysCc1Cc1Ccc1Cccc1UsingGet({
  options,
}: {
  options?: { [key: string]: unknown };
}) {
  return request<string>('/sys-c/c1/cc1/ccc1/cccc1', {
    method: 'GET',
    ...(options || {}),
  });
}
/* eslint-disable */
// @ts-ignore

export type SysAa1Aa1Aaa1Aaaa1UsingGetResponses = {
  /**
   * OK
   */
  200: string;
};

export type SysAa1Aa1Aaa1UsingGetResponses = {
  /**
   * OK
   */
  200: string;
};

export type SysAa1Aa1UsingGetResponses = {
  /**
   * OK
   */
  200: string;
};

export type SysAa1UsingGetResponses = {
  /**
   * OK
   */
  200: string;
};

export type SysBb1Bb1Bbb1Bbbb1UsingGetResponses = {
  /**
   * OK
   */
  200: string;
};

export type SysBb1Bb1Bbb1UsingGetResponses = {
  /**
   * OK
   */
  200: string;
};

export type SysBb1Bb1UsingGetResponses = {
  /**
   * OK
   */
  200: string;
};

export type SysBb1UsingGetResponses = {
  /**
   * OK
   */
  200: string;
};

export type SysCc1Cc1Ccc1Cccc1UsingGetResponses = {
  /**
   * OK
   */
  200: string;
};

export type SysCc1Cc1Ccc1UsingGetResponses = {
  /**
   * OK
   */
  200: string;
};

export type SysCc1Cc1UsingGetResponses = {
  /**
   * OK
   */
  200: string;
};

export type SysCc1UsingGetResponses = {
  /**
   * OK
   */
  200: string;
};
